 BF2_FRAMWEORK

 Timestamp is 5b55fea8 (Mon Jul 23 21:43:28 2018)

 Preferred load address is 10000000

 Start         Length     Name                   Class
 0001:00000000 00066a4cH .text                   CODE
 0001:00066a50 000021b5H .text$x                 CODE
 0001:00068c10 00002327H .text$yc                CODE
 0001:0006af40 00002849H .text$yd                CODE
 0002:00000000 00000104H .CRT$XCA                DATA
 0002:00000104 0000010eH .CRT$XCC                DATA
 0002:00000214 000002d1H .CRT$XCU                DATA
 0002:000004e8 00000104H .CRT$XCZ                DATA
 0002:000005ec 00000104H .CRT$XIA                DATA
 0002:000006f0 00000118H .CRT$XIC                DATA
 0002:00000808 00000104H .CRT$XID                DATA
 0002:0000090c 00000104H .CRT$XIY                DATA
 0002:00000a10 00000104H .CRT$XIZ                DATA
 0002:00000b14 00000104H .CRT$XPA                DATA
 0002:00000c18 00000104H .CRT$XPX                DATA
 0002:00000d1c 00000104H .CRT$XPXA               DATA
 0002:00000e20 00000104H .CRT$XPZ                DATA
 0002:00000f24 00000104H .CRT$XTA                DATA
 0002:00001028 00000104H .CRT$XTB                DATA
 0002:0000112c 00000104H .CRT$XTZ                DATA
 0002:00001230 0001080dH .rdata                  DATA
 0002:00011a40 000001b5H .rdata$debug            DATA
 0002:00011bf8 00000ecaH .rdata$r                DATA
 0002:00012ac4 00000104H .rtc$IAA                DATA
 0002:00012bc8 00000104H .rtc$IZZ                DATA
 0002:00012ccc 00000104H .rtc$TAA                DATA
 0002:00012dd0 00000104H .rtc$TZZ                DATA
 0002:00012ed8 00002514H .xdata$x                DATA
 0002:000153f0 00000174H .edata                  DATA
 0003:00000000 00004752H .data                   DATA
 0003:00004760 00003988H .bss                    DATA
 0004:00000000 00000064H .idata$2                DATA
 0004:00000064 00000014H .idata$3                DATA
 0004:00000078 00000324H .idata$4                DATA
 0004:0000039c 00000324H .idata$5                DATA
 0004:000006c0 00000b40H .idata$6                DATA

  Address         Publics by Value              Rva+Base       Lib:Object

 0000:00000000       ___safe_se_handler_table   00000000     <absolute>
 0000:00000000       ___safe_se_handler_count   00000000     <absolute>
 0000:00000000       __except_list              00000000     <absolute>
 0000:00000000       ___ImageBase               10000000     <linker-defined>
 0001:00001be0       ??0bad_alloc@std@@QAE@PBD@Z 10002be0 f i dllmain.obj
 0001:00001c00       ??1bad_alloc@std@@UAE@XZ   10002c00 f i dllmain.obj
 0001:00001c10       ??_Ebad_alloc@std@@UAEPAXI@Z 10002c10 f i dllmain.obj
 0001:00001c10       ??_Gbad_alloc@std@@UAEPAXI@Z 10002c10 f i dllmain.obj
 0001:00001c40       ??2@YAPAXIPAX@Z            10002c40 f i dllmain.obj
 0001:00001c50       ??3@YAXPAX0@Z              10002c50 f i dllmain.obj
 0001:00001c60       ?assign@?$char_traits@D@std@@SAXAADABD@Z 10002c60 f i dllmain.obj
 0001:00001c70       ?compare@?$char_traits@D@std@@SAHPBD0I@Z 10002c70 f i dllmain.obj
 0001:00001d30       ?length@?$char_traits@D@std@@SAIPBD@Z 10002d30 f i dllmain.obj
 0001:00001d50       ?_Copy_s@?$char_traits@D@std@@SAPADPADIPBDI@Z 10002d50 f i dllmain.obj
 0001:00001d80       ?_Move_s@?$char_traits@D@std@@SAPADPADIPBDI@Z 10002d80 f i dllmain.obj
 0001:00001db0       ?assign@?$char_traits@D@std@@SAPADPADID@Z 10002db0 f i dllmain.obj
 0001:00001dd0       ?to_int_type@?$char_traits@D@std@@SAHABD@Z 10002dd0 f i dllmain.obj
 0001:00001de0       ?eq_int_type@?$char_traits@D@std@@SA_NABH0@Z 10002de0 f i dllmain.obj
 0001:00001e00       ?eof@?$char_traits@D@std@@SAHXZ 10002e00 f i dllmain.obj
 0001:00001e10       ??0_Iterator_base@std@@QAE@XZ 10002e10 f i dllmain.obj
 0001:00001e20       ?_Getctype@_Locinfo@std@@QBE?AU_Ctypevec@@XZ 10002e20 f i dllmain.obj
 0001:00001e60       ?_Getcvt@_Locinfo@std@@QBE?AU_Cvtvec@@XZ 10002e60 f i dllmain.obj
 0001:00001e80       ??0id@locale@std@@QAE@I@Z  10002e80 f i dllmain.obj
 0001:00001e90       ??Bid@locale@std@@QAEIXZ   10002e90 f i dllmain.obj
 0001:00001ee0       ?_Incref@facet@locale@std@@QAEXXZ 10002ee0 f i dllmain.obj
 0001:00001f20       ?_Decref@facet@locale@std@@QAEPAV123@XZ 10002f20 f i dllmain.obj
 0001:00001f70       ?_Register@facet@locale@std@@QAEXXZ 10002f70 f i dllmain.obj
 0001:00001f80       ??1facet@locale@std@@UAE@XZ 10002f80 f i dllmain.obj
 0001:00001f90       ??0facet@locale@std@@IAE@I@Z 10002f90 f i dllmain.obj
 0001:00001fb0       ??0locale@std@@QAE@XZ      10002fb0 f i dllmain.obj
 0001:00002000       ??0locale@std@@QAE@ABV01@@Z 10003000 f i dllmain.obj
 0001:00002050       ??1locale@std@@QAE@XZ      10003050 f i dllmain.obj
 0001:000020b0       ?_Getfacet@locale@std@@QBEPBVfacet@12@I@Z 100030b0 f i dllmain.obj
 0001:00002100       ??_Gfacet@locale@std@@UAEPAXI@Z 10003100 f i dllmain.obj
 0001:00002100       ??_Efacet@locale@std@@UAEPAXI@Z 10003100 f i dllmain.obj
 0001:00002130       ??0codecvt_base@std@@QAE@I@Z 10003130 f i dllmain.obj
 0001:00002150       ?always_noconv@codecvt_base@std@@QBE_NXZ 10003150 f i dllmain.obj
 0001:00002160       ??1codecvt_base@std@@UAE@XZ 10003160 f i dllmain.obj
 0001:00002170       ?do_always_noconv@codecvt_base@std@@MBE_NXZ 10003170 f i dllmain.obj
 0001:00002180       ?do_max_length@codecvt_base@std@@MBEHXZ 10003180 f i dllmain.obj
 0001:00002190       ?do_encoding@codecvt_base@std@@MBEHXZ 10003190 f i dllmain.obj
 0001:000021a0       ??_Gcodecvt_base@std@@UAEPAXI@Z 100031a0 f i dllmain.obj
 0001:000021a0       ??_Ecodecvt_base@std@@UAEPAXI@Z 100031a0 f i dllmain.obj
 0001:000021d0       ??0ctype_base@std@@QAE@I@Z 100031d0 f i dllmain.obj
 0001:000021f0       ??1ctype_base@std@@UAE@XZ  100031f0 f i dllmain.obj
 0001:00002200       ??_Gctype_base@std@@UAEPAXI@Z 10003200 f i dllmain.obj
 0001:00002200       ??_Ectype_base@std@@UAEPAXI@Z 10003200 f i dllmain.obj
 0001:00002230       ?widen@?$ctype@D@std@@QBEDD@Z 10003230 f i dllmain.obj
 0001:00002240       ?_Init@?$ctype@D@std@@IAEXABV_Locinfo@2@@Z 10003240 f i dllmain.obj
 0001:00002280       ?_Tidy@?$ctype@D@std@@IAEXXZ 10003280 f i dllmain.obj
 0001:000022b0       ?rdstate@ios_base@std@@QBEHXZ 100032b0 f i dllmain.obj
 0001:000022c0       ?good@ios_base@std@@QBE_NXZ 100032c0 f i dllmain.obj
 0001:000022d0       ?fail@ios_base@std@@QBE_NXZ 100032d0 f i dllmain.obj
 0001:000022e0       ?flags@ios_base@std@@QBEHXZ 100032e0 f i dllmain.obj
 0001:000022f0       ?width@ios_base@std@@QBEHXZ 100032f0 f i dllmain.obj
 0001:00002300       ?width@ios_base@std@@QAEHH@Z 10003300 f i dllmain.obj
 0001:00002310       ?getloc@ios_base@std@@QBE?AVlocale@2@XZ 10003310 f i dllmain.obj
 0001:00002360       ??1ios_base@std@@UAE@XZ    10003360 f i dllmain.obj
 0001:00002380       ??0ios_base@std@@IAE@XZ    10003380 f i dllmain.obj
 0001:00002390       ??_Gios_base@std@@UAEPAXI@Z 10003390 f i dllmain.obj
 0001:00002390       ??_Eios_base@std@@UAEPAXI@Z 10003390 f i dllmain.obj
 0001:000023d0       _fabsf                     100033d0 f i dllmain.obj
 0001:000023f0       _acosf                     100033f0 f i dllmain.obj
 0001:00002410       _asinf                     10003410 f i dllmain.obj
 0001:00002430       _atanf                     10003430 f i dllmain.obj
 0001:00002450       _atan2f                    10003450 f i dllmain.obj
 0001:00002470       _cosf                      10003470 f i dllmain.obj
 0001:00002490       _floorf                    10003490 f i dllmain.obj
 0001:000024c0       _sinf                      100034c0 f i dllmain.obj
 0001:000024e0       _sqrtf                     100034e0 f i dllmain.obj
 0001:00002500       _tanf                      10003500 f i dllmain.obj
 0001:00002520       ?acos@@YAMM@Z              10003520 f i dllmain.obj
 0001:00002540       ?atan@@YAMM@Z              10003540 f i dllmain.obj
 0001:00002560       ?atan2@@YAMMM@Z            10003560 f i dllmain.obj
 0001:00002580       ?cos@@YAMM@Z               10003580 f i dllmain.obj
 0001:000025a0       ?fabs@@YAMM@Z              100035a0 f i dllmain.obj
 0001:000025c0       ?floor@@YAMM@Z             100035c0 f i dllmain.obj
 0001:000025f0       ?sin@@YAMM@Z               100035f0 f i dllmain.obj
 0001:00002610       ?sqrt@@YAMM@Z              10003610 f i dllmain.obj
 0001:00002630       ??0D3DXVECTOR2@@QAE@XZ     10003630 f i dllmain.obj
 0001:00002640       ??0D3DXVECTOR3@@QAE@XZ     10003640 f i dllmain.obj
 0001:00002650       ??0D3DXMATRIX@@QAE@XZ      10003650 f i dllmain.obj
 0001:00002660       ??0D3DXCOLOR@@QAE@XZ       10003660 f i dllmain.obj
 0001:00002670       ??0D3DXVECTOR2@@QAE@MM@Z   10003670 f i dllmain.obj
 0001:00002690       ??0D3DXVECTOR3@@QAE@ABU_D3DVECTOR@@@Z 10003690 f i dllmain.obj
 0001:000026b0       ??0D3DXVECTOR3@@QAE@MMM@Z  100036b0 f i dllmain.obj
 0001:000026d0       ??BD3DXVECTOR3@@QAEPAMXZ   100036d0 f i dllmain.obj
 0001:000026e0       ??BD3DXVECTOR3@@QBEPBMXZ   100036e0 f i dllmain.obj
 0001:000026f0       ??YD3DXVECTOR3@@QAEAAU0@ABU0@@Z 100036f0 f i dllmain.obj
 0001:00002720       ??ZD3DXVECTOR3@@QAEAAU0@ABU0@@Z 10003720 f i dllmain.obj
 0001:00002750       ??XD3DXVECTOR3@@QAEAAU0@M@Z 10003750 f i dllmain.obj
 0001:00002780       ??HD3DXVECTOR3@@QBE?AU0@ABU0@@Z 10003780 f i dllmain.obj
 0001:000027b0       ??GD3DXVECTOR3@@QBE?AU0@ABU0@@Z 100037b0 f i dllmain.obj
 0001:000027e0       ??DD3DXVECTOR3@@QBE?AU0@M@Z 100037e0 f i dllmain.obj
 0001:00002810       ??BD3DXMATRIX@@QAEPAMXZ    10003810 f i dllmain.obj
 0001:00002820       ??0D3DXCOLOR@@QAE@K@Z      10003820 f i dllmain.obj
 0001:00002890       ??BD3DXCOLOR@@QBEKXZ       10003890 f i dllmain.obj
 0001:00002a50       ?D3DXVec3Length@@YAMPBUD3DXVECTOR3@@@Z 10003a50 f i dllmain.obj
 0001:00002a90       ?D3DXVec3Dot@@YAMPBUD3DXVECTOR3@@0@Z 10003a90 f i dllmain.obj
 0001:00002ac0       ?D3DXVec3Subtract@@YAPAUD3DXVECTOR3@@PAU1@PBU1@1@Z 10003ac0 f i dllmain.obj
 0001:00002af0       ??0CRayTest@@QAE@PAVCObject@@@Z 10003af0 f   dllmain.obj
 0001:00002b10       ?TestObject@CRayTest@@UAEEPAVCObject@@@Z 10003b10 f   dllmain.obj
 0001:00002b50       ?iGetMask@CRayTest@@UAEHXZ 10003b50 f   dllmain.obj
 0001:00002b60       ?function2@CRayTest@@UAEEH@Z 10003b60 f   dllmain.obj
 0001:00002b70       ?TestMaterial@CRayTest@@UAEEH@Z 10003b70 f   dllmain.obj
 0001:00002b80       ??_H@YGXPAXIHP6EPAX0@Z@Z   10003b80 f i dllmain.obj
 0001:00002bc0       ?ShadowedText@CDebugTextWriter@@QAEXHHKPAV?$basic_string@DU?$char_traits@D@std@@V?$allocator@D@2@@std@@@Z 10003bc0 f i dllmain.obj
 0001:00002c70       ?GetControlMap@@YAPAVCControlMap@@XZ 10003c70 f   dllmain.obj
 0001:00002cc0       ??0CDraw@@QAE@XZ           10003cc0 f i dllmain.obj
 0001:00002cd0       ?Reset@CDraw@@QAEXXZ       10003cd0 f   dllmain.obj
 0001:00002d60       ?Line@CDraw@@QAEXMMMMM_NK@Z 10003d60 f   dllmain.obj
 0001:00002e20       ?BoxFilled@CDraw@@QAEXMMMMK@Z 10003e20 f   dllmain.obj
 0001:00003100       ?Text@CDraw@@QAEXPADMMHPAUID3DXFont@@_NKK@Z 10004100 f   dllmain.obj
 0001:00003630       ?Sprite@CDraw@@QAEXPAUIDirect3DTexture9@@MMMMM@Z 10004630 f   dllmain.obj
 0001:000037d0       ?Font@CDraw@@QAE_NXZ       100047d0 f   dllmain.obj
 0001:00003800       ?AddFont@CDraw@@QAEXPADM_N1@Z 10004800 f   dllmain.obj
 0001:00003870       ?FontReset@CDraw@@QAEXXZ   10004870 f   dllmain.obj
 0001:000038d0       ?OnLostDevice@CDraw@@QAEXXZ 100048d0 f   dllmain.obj
 0001:00003910       ?WriteConsoleText@@YAXPBDHHK@Z 10004910 f   dllmain.obj
 0001:00003970       ?Textf@@YAXHHKPBDZZ        10004970 f   dllmain.obj
 0001:000039f0       ?MenuText@@YAXHHKPBDH@Z    100049f0 f   dllmain.obj
 0001:00003a80       ?DrawShadowText@@YAXHHKPAD@Z 10004a80 f   dllmain.obj
 0001:00003b20       ?DrawLine@@YAXHHHHK@Z      10004b20 f   dllmain.obj
 0001:00003bc0       ?DrawCircleLine@@YAXHHHHK@Z 10004bc0 f   dllmain.obj
 0001:00003c60       ?Circle@@YAXHHHHK@Z        10004c60 f   dllmain.obj
 0001:00003dd0       ?DrawFilledBox@@YAXHHHHK@Z 10004dd0 f   dllmain.obj
 0001:00003eb0       ?DrawEmptyBox@@YAXHHHHK@Z  10004eb0 f   dllmain.obj
 0001:00003f20       ?FilledBoxBordered@@YAXMMHHKK@Z 10004f20 f   dllmain.obj
 0001:00003fa0       ?FillRGB@@YAXHHHHKPAUIDirect3DDevice9@@@Z 10004fa0 f   dllmain.obj
 0001:00004080       ?DrawEmptyRect@@YAXPAUIDirect3DDevice9@@HHHHK@Z 10005080 f   dllmain.obj
 0001:000040f0       ?DrawFilledRectangle@@YAXHHHHK@Z 100050f0 f   dllmain.obj
 0001:00004170       ?DrawPoint@@YAXHHHHKPAUIDirect3DDevice9@@@Z 10005170 f   dllmain.obj
 0001:00004180       ?DrawXHair@@YAXPAUIDirect3DDevice9@@K@Z 10005180 f   dllmain.obj
 0001:000042e0       ?DrawXHair1@@YAXMMMMMK@Z   100052e0 f   dllmain.obj
 0001:000043a0       ?DrawXHair2@@YAXPAUIDirect3DDevice9@@K@Z 100053a0 f   dllmain.obj
 0001:00004520       ?DrawXHair3@@YAXPAUIDirect3DDevice9@@K@Z 10005520 f   dllmain.obj
 0001:00004870       ?DrawXHair4@@YAXPAUIDirect3DDevice9@@K@Z 10005870 f   dllmain.obj
 0001:00004ab0       ?DrawSnapLines@@YAXHHHHUD3DXCOLOR@@@Z 10005ab0 f   dllmain.obj
 0001:00004d10       ?DrawSkeleton@@YAXHHHHUD3DXCOLOR@@@Z 10005d10 f   dllmain.obj
 0001:00004f70       ?DrawBoxLines@@YAXHHHHUD3DXCOLOR@@@Z 10005f70 f   dllmain.obj
 0001:000051d0       ?PlayerBox@@YAXHHHHK@Z     100061d0 f   dllmain.obj
 0001:00005340       ?DrawHealthBar3@@YAXHHMHHKK@Z 10006340 f   dllmain.obj
 0001:000053f0       ??0menu@@QAE@XZ            100063f0 f   dllmain.obj
 0001:00005400       ?DrawMouse@menu@@QAEXXZ    10006400 f   dllmain.obj
 0001:00005460       ?AddTab@menu@@QAEXPADHHH@Z 10006460 f   dllmain.obj
 0001:00005580       ?AddCheck@menu@@QAEXPADHHH@Z 10006580 f   dllmain.obj
 0001:000056d0       ?AddItemWithValue@menu@@QAEXPADHH0H@Z 100066d0 f   dllmain.obj
 0001:000058e0       ?AddScroll@menu@@QAEXHHHH@Z 100068e0 f   dllmain.obj
 0001:000059e0       ?AddGroup@menu@@QAEXPADHHHHH@Z 100069e0 f   dllmain.obj
 0001:00005c00       ?ScrollBar_Value@menu@@QAEPAKH@Z 10006c00 f   dllmain.obj
 0001:00005c20       ?ShowMenu@menu@@QAEXXZ     10006c20 f   dllmain.obj
 0001:00005c60       ?MouseClick@menu@@QAEFH@Z  10006c60 f   dllmain.obj
 0001:00005c80       ?DrawBorders@menu@@QAEXXZ  10006c80 f   dllmain.obj
 0001:000064c0       ?DrawString@menu@@QAEXPADHHHHPAUID3DXFont@@@Z 100074c0 f   dllmain.obj
 0001:00006560       ?Box@menu@@QAEXHHHHK@Z     10007560 f   dllmain.obj
 0001:00006640       ?Rectangle@menu@@QAEXHHHHK@Z 10007640 f   dllmain.obj
 0001:000066d0       ?SwitchItems@menu@@QAEXXZ  100076d0 f   dllmain.obj
 0001:00006890       ?retCAimBone@menu@@QAEPADH@Z 10007890 f   dllmain.obj
 0001:000069e0       ?Message@tools@@QAEXPAD0@Z 100079e0 f   dllmain.obj
 0001:00006a00       ?WriteAsm@tools@@QAEXPAXPAEH@Z 10007a00 f   dllmain.obj
 0001:00006a60       ?WriteFunction@@YAXPAX0H@Z 10007a60 f   dllmain.obj
 0001:00006ab0       ?ConsoleReturnFunction@@YAPAKH@Z 10007ab0 f   dllmain.obj
 0001:00006b00       ?MsgProc@@YGJPAUHWND__@@IIJ@Z 10007b00 f   dllmain.obj
 0001:00006b10       ?DX_Init@@YAXPAPAUIDirect3DDevice9@@@Z 10007b10 f   dllmain.obj
 0001:00006c40       ?InitDirInput@@YA_NPAUHINSTANCE__@@@Z 10007c40 f   dllmain.obj
 0001:00006c70       ?MouseThread@@YAXXZ        10007c70 f   dllmain.obj
 0001:00006ce0       ?SetLocalPlayer@@YA_NXZ    10007ce0 f   dllmain.obj
 0001:00007000       ?HookVTable@@YAKPAKKH@Z    10008000 f   dllmain.obj
 0001:000070a0       ?FindPattern@@YAKKKPAEQAD@Z 100080a0 f   dllmain.obj
 0001:00007120       ?getBFClassManager@@YAPAVCClassManager@@XZ 10008120 f   dllmain.obj
 0001:000071b0       ?GetModuleSize@@YAKK@Z     100081b0 f   dllmain.obj
 0001:000072a0       ?hkGetActionBuffer@@YAPAVCActionBuffer@@XZ 100082a0 f   dllmain.obj
 0001:00007310       ?hkGetPlayerView@@YGPAUD3DXMATRIX@@H@Z 10008310 f   dllmain.obj
 0001:00007390       ?VMTPatch@@YAKPAKHK@Z      10008390 f   dllmain.obj
 0001:00007410       ?ApplyTeamSwitch@@YAXH@Z   10008410 f   dllmain.obj
 0001:000074c0       ?iWrite@@YAHKPAXK@Z        100084c0 f   dllmain.obj
 0001:00007520       ?RemoveFOG@@YAXXZ          10008520 f   dllmain.obj
 0001:000075a0       ?RestoreFOG@@YAXXZ         100085a0 f   dllmain.obj
 0001:00007620       ?RemoveTVStatic@@YAXXZ     10008620 f   dllmain.obj
 0001:00007690       ?RestoreTVStatic@@YAXXZ    10008690 f   dllmain.obj
 0001:00007700       ?MiniMapEnable@@YAXXZ      10008700 f   dllmain.obj
 0001:00007910       ?MiniMapDisable@@YAXXZ     10008910 f   dllmain.obj
 0001:00007b20       ?WeaponUnlocksOn@@YAXXZ    10008b20 f   dllmain.obj
 0001:00007be0       ?WeaponUnlocksOff@@YAXXZ   10008be0 f   dllmain.obj
 0001:00007ca0       ?Enable3DMap@@YAXXZ        10008ca0 f   dllmain.obj
 0001:00007d10       ?Disable3DMap@@YAXXZ       10008d10 f   dllmain.obj
 0001:00007d80       ?EnemyMinesOn@@YAXXZ       10008d80 f   dllmain.obj
 0001:00007df0       ?EnemyMinesOff@@YAXXZ      10008df0 f   dllmain.obj
 0001:00007e60       ?RBIconsOn@@YAXXZ          10008e60 f   dllmain.obj
 0001:00007ed0       ?RBIconsOff@@YAXXZ         10008ed0 f   dllmain.obj
 0001:00007f40       ?EnableDrawFPS@@YAXXZ      10008f40 f   dllmain.obj
 0001:00007f70       ?DisableDrawFPS@@YAXXZ     10008f70 f   dllmain.obj
 0001:00007fa0       ?ViewDistanceOn@@YAXXZ     10008fa0 f   dllmain.obj
 0001:00008010       ?ViewDistanceOff@@YAXXZ    10009010 f   dllmain.obj
 0001:00008080       ?fPanelFullMaker@@YAXXZ    10009080 f   dllmain.obj
 0001:00008120       ?Intersect@@YAPAVCObject@@PAV1@PAUD3DXVECTOR3@@1@Z 10009120 f   dllmain.obj
 0001:000081b0       ?DrawABFOV@@YAXXZ          100091b0 f   dllmain.obj
 0001:000082c0       ?GetLocalBonePos@@YA_NPAUD3DXVECTOR3@@HPAVCPlayer@@@Z 100092c0 f   dllmain.obj
 0001:00008380       ?GetBonePos@@YAHPAVCPlayer@@0PAUD3DXVECTOR3@@H@Z 10009380 f   dllmain.obj
 0001:00008420       ?GetBoneOrigin@@YAPAUD3DXVECTOR3@@HPAU1@PAVCPlayer@@@Z 10009420 f   dllmain.obj
 0001:000084c0       ?IsVisible@@YA_NPAVCPlayer@@PAUD3DXVECTOR3@@1@Z 100094c0 f   dllmain.obj
 0001:00008890       ?World2Screen@@YA_NUD3DXVECTOR3@@MM@Z 10009890 f   dllmain.obj
 0001:00008a50       ?WorldToScreen@@YAPAUD3DXVECTOR3@@PAU1@0@Z 10009a50 f   dllmain.obj
 0001:00008cf0       ?gWorldToScreen@@YG_NPAUD3DXVECTOR3@@@Z 10009cf0 f   dllmain.obj
 0001:00008d00       ?IsValidPlayer@@YA_NPAVCPlayer@@@Z 10009d00 f   dllmain.obj
 0001:00008d40       ?CompDev@@YAXPAUD3DXVECTOR3@@@Z 10009d40 f   dllmain.obj
 0001:00009120       ?AimCorrection@@YA?AUD3DXVECTOR3@@U1@00MMM@Z 1000a120 f   dllmain.obj
 0001:000092a0       ?CalcFutureTargetPosition@@YANNPAUD3DXVECTOR3@@000@Z 1000a2a0 f i dllmain.obj
 0001:00009390       ?CalculateBallisticTime@@YANNNPAN@Z 1000a390 f i dllmain.obj
 0001:00009460       ?CalculateMissileTime@@YANNN@Z 1000a460 f i dllmain.obj
 0001:00009470       ?AutoClick@@YAXXZ          1000a470 f   dllmain.obj
 0001:00009550       ?GetDistanceToEnemy@@YAMPAVCPlayer@@@Z 1000a550 f   dllmain.obj
 0001:00009620       ?GetYDistance@@YAMPAVCPlayer@@0@Z 1000a620 f   dllmain.obj
 0001:00009660       ?Get2DDistance@@YAMPAUD3DXVECTOR3@@@Z 1000a660 f   dllmain.obj
 0001:00009710       ?VectorAngles@@YAXPBMPAM@Z 1000a710 f   dllmain.obj
 0001:00009870       ?GetTargetDistance@@YAMUD3DXVECTOR3@@0@Z 1000a870 f   dllmain.obj
 0001:000098c0       ?AngleVectors@@YAXUD3DXVECTOR3@@U1@11@Z 1000a8c0 f   dllmain.obj
 0001:000099a0       ?SoldierAngleToPix@@YAXPAM0MM@Z 1000a9a0 f   dllmain.obj
 0001:00009a70       ?VecToAngles@@YAXUD3DXVECTOR3@@U1@@Z 1000aa70 f   dllmain.obj
 0001:00009a80       ?getDistFromCrosshair@@YAMPAVCPlayer@@@Z 1000aa80 f   dllmain.obj
 0001:00009be0       ?isJET@@YAHH@Z             1000abe0 f   dllmain.obj
 0001:00009bf0       ?isHeli@@YAHH@Z            1000abf0 f   dllmain.obj
 0001:00009cf0       ?isAirVeh@@YAHH@Z          1000acf0 f   dllmain.obj
 0001:00009d00       ?IsUsingGernadeLN@@YA_NPAVCPlayer@@@Z 1000ad00 f   dllmain.obj
 0001:00009d50       ?IsUsingGernade@@YA_NPAVCPlayer@@@Z 1000ad50 f   dllmain.obj
 0001:00009da0       ?IsUsingTankCN@@YA_NPAVCPlayer@@@Z 1000ada0 f   dllmain.obj
 0001:00009e10       ?Refresh@@YAHXZ            1000ae10 f   dllmain.obj
 0001:0000a230       ?CalculateAimVector@@YAHPAUD3DXVECTOR3@@PAVCPhysics@@@Z 1000b230 f   dllmain.obj
 0001:0000a6a0       ?CalculateBullet@@YAHPAUD3DXVECTOR3@@PAVCPhysics@@@Z 1000b6a0 f   dllmain.obj
 0001:0000aac0       ?GetAimVector@@YAHPAUD3DXVECTOR3@@PAVCPlayer@@@Z 1000bac0 f   dllmain.obj
 0001:0000ae60       ?GetAimBone@@YAHPAVCPlayer@@0PAUD3DXVECTOR3@@@Z 1000be60 f   dllmain.obj
 0001:0000afa0       ?ClosestToCrosshair@@YAHH@Z 1000bfa0 f   dllmain.obj
 0001:0000b310       ?GetTarget@@YAPAVCPlayer@@XZ 1000c310 f   dllmain.obj
 0001:0000baf0       ?aimtvtarget@@YAXXZ        1000caf0 f   dllmain.obj
 0001:0000bfa0       ?Testf@@YAXXZ              1000cfa0 f   dllmain.obj
 0001:0000c0e0       ?DefaultAim@@YAXXZ         1000d0e0 f   dllmain.obj
 0001:0000c6c0       ?KnifeySpooney@@YAXXZ      1000d6c0 f   dllmain.obj
 0001:0000cab0       ?ValidWeapon@@YA_NXZ       1000dab0 f   dllmain.obj
 0001:0000cb10       ?Radarfunc@@YAXHHHHK@Z     1000db10 f   dllmain.obj
 0001:0000ce50       ?Radar@@YAXHHHH@Z          1000de50 f   dllmain.obj
 0001:0000cec0       ?drawBones@@YAXPAVCPlayer@@UD3DXCOLOR@@@Z 1000dec0 f   dllmain.obj
 0001:0000d3f0       ?drawLines@@YAXPAVCPlayer@@0PAVCSkeleton@@@Z 1000e3f0 f   dllmain.obj
 0001:0000d5a0       ?DisplayWarning@@YAXHM@Z   1000e5a0 f   dllmain.obj
 0001:0000d730       ?draw3DBoxes@@YAXPAVCPlayer@@0UD3DXCOLOR@@@Z 1000e730 f   dllmain.obj
 0001:0000de60       ?drawBoxes@@YAXPAVCPlayer@@0UD3DXCOLOR@@@Z 1000ee60 f   dllmain.obj
 0001:0000e170       ??0CIniReader@@QAE@PAD@Z   1000f170 f   dllmain.obj
 0001:0000e1c0       ?ReadInteger@CIniReader@@QAEHPAD0H@Z 1000f1c0 f   dllmain.obj
 0001:0000e1e0       ?ReadFloat@CIniReader@@QAEMPAD0M@Z 1000f1e0 f   dllmain.obj
 0001:0000e2a0       ?ReadBoolean@CIniReader@@QAE_NPAD0_N@Z 1000f2a0 f   dllmain.obj
 0001:0000e390       ??0CIniWriter@@QAE@PAD@Z   1000f390 f   dllmain.obj
 0001:0000e3e0       ?WriteInteger@CIniWriter@@QAEXPAD0H@Z 1000f3e0 f   dllmain.obj
 0001:0000e470       ?WriteFloat@CIniWriter@@QAEXPAD0M@Z 1000f470 f   dllmain.obj
 0001:0000e500       ?WriteBoolean@CIniWriter@@QAEXPAD0_N@Z 1000f500 f   dllmain.obj
 0001:0000e5a0       ?writesettings@@YAXXZ      1000f5a0 f   dllmain.obj
 0001:0000edf0       ?readsettings@@YAXXZ       1000fdf0 f   dllmain.obj
 0001:0000f5f0       ?ItsAimTime@@YAXXZ         100105f0 f   dllmain.obj
 0001:0000f840       ?myGWTPID@@YGHPAUHWND__@@PAK@Z 10010840 f   dllmain.obj
 0001:0000f890       ?length@?$basic_string@DU?$char_traits@D@std@@V?$allocator@D@2@@std@@QBEIXZ 10010890 f i dllmain.obj
 0001:0000f8a0       ?size@?$basic_string@DU?$char_traits@D@std@@V?$allocator@D@2@@std@@QBEIXZ 100108a0 f i dllmain.obj
 0001:0000f8b0       ??0?$allocator@D@std@@QAE@XZ 100108b0 f i dllmain.obj
 0001:0000f8c0       ?deallocate@?$allocator@D@std@@QAEXPADI@Z 100108c0 f i dllmain.obj
 0001:0000f8e0       ?max_size@?$allocator@D@std@@QBEIXZ 100108e0 f i dllmain.obj
 0001:0000f8f0       ??1?$basic_ostream@DU?$char_traits@D@std@@@std@@UAE@XZ 100108f0 f i dllmain.obj
 0001:0000f910       ??6?$basic_ostream@DU?$char_traits@D@std@@@std@@QAEAAV01@P6AAAV01@AAV01@@Z@Z 10010910 f i dllmain.obj
 0001:0000f920       ??1?$basic_ios@DU?$char_traits@D@std@@@std@@UAE@XZ 10010920 f i dllmain.obj
 0001:0000f940       ?rdbuf@?$basic_ios@DU?$char_traits@D@std@@@std@@QBEPAV?$basic_streambuf@DU?$char_traits@D@std@@@2@XZ 10010940 f i dllmain.obj
 0001:0000f950       ??0?$pair@PAVCObject@@H@std@@QAE@ABQAVCObject@@ABH@Z 10010950 f i dllmain.obj
 0001:0000f970       ??_Glocale@std@@QAEPAXI@Z  10010970 f i dllmain.obj
 0001:0000f9f0       ??_D?$basic_ostream@DU?$char_traits@D@std@@@std@@QAEXXZ 100109f0 f i dllmain.obj
 0001:0000fa20       ?_Myptr@?$basic_string@DU?$char_traits@D@std@@V?$allocator@D@2@@std@@IBEPBDXZ 10010a20 f i dllmain.obj
 0001:0000fa40       ??0?$allocator@D@std@@QAE@ABV01@@Z 10010a40 f i dllmain.obj
 0001:0000fa50       ?fill@?$basic_ios@DU?$char_traits@D@std@@@std@@QBEDXZ 10010a50 f i dllmain.obj
 0001:0000fa60       ??0?$basic_ios@DU?$char_traits@D@std@@@std@@IAE@XZ 10010a60 f i dllmain.obj
 0001:0000fa70       ??_G?$basic_ios@DU?$char_traits@D@std@@@std@@UAEPAXI@Z 10010a70 f i dllmain.obj
 0001:0000fa70       ??_E?$basic_ios@DU?$char_traits@D@std@@@std@@UAEPAXI@Z 10010a70 f i dllmain.obj
 0001:0000fab0       ?pubsync@?$basic_streambuf@DU?$char_traits@D@std@@@std@@QAEHXZ 10010ab0 f i dllmain.obj
 0001:0000fac0       ?_Unlock@?$basic_streambuf@DU?$char_traits@D@std@@@std@@QAEXXZ 10010ac0 f i dllmain.obj
 0001:0000fad0       ?eback@?$basic_streambuf@DU?$char_traits@D@std@@@std@@IBEPADXZ 10010ad0 f i dllmain.obj
 0001:0000fae0       ?gptr@?$basic_streambuf@DU?$char_traits@D@std@@@std@@IBEPADXZ 10010ae0 f i dllmain.obj
 0001:0000faf0       ?pptr@?$basic_streambuf@DU?$char_traits@D@std@@@std@@IBEPADXZ 10010af0 f i dllmain.obj
 0001:0000fb00       ?egptr@?$basic_streambuf@DU?$char_traits@D@std@@@std@@IBEPADXZ 10010b00 f i dllmain.obj
 0001:0000fb10       ?setg@?$basic_streambuf@DU?$char_traits@D@std@@@std@@IAEXPAD00@Z 10010b10 f i dllmain.obj
 0001:0000fb40       ?epptr@?$basic_streambuf@DU?$char_traits@D@std@@@std@@IBEPADXZ 10010b40 f i dllmain.obj
 0001:0000fb50       ?_Pninc@?$basic_streambuf@DU?$char_traits@D@std@@@std@@IAEPADXZ 10010b50 f i dllmain.obj
 0001:0000fb70       ?_Pnavail@?$basic_streambuf@DU?$char_traits@D@std@@@std@@IBEHXZ 10010b70 f i dllmain.obj
 0001:0000fb90       ?size@?$vector@Uvertex@@V?$allocator@Uvertex@@@std@@@std@@QBEIXZ 10010b90 f i dllmain.obj
 0001:0000fbc0       ??0?$allocator@Uvertex@@@std@@QAE@XZ 10010bc0 f i dllmain.obj
 0001:0000fbd0       ?_Color@?$_Tree@V?$_Tmap_traits@PAVCObject@@HU?$less@PAVCObject@@@std@@V?$allocator@U?$pair@QAVCObject@@H@std@@@3@$0A@@std@@@std@@KAAADPAU_Node@?$_Tree_nod@V?$_Tmap_traits@PAVCObject@@HU?$less@PAVCObject@@@std@@V?$allocator@U?$pair@QAVCObject@@H@std@@@3@$0A@@std@@@2@@Z 10010bd0 f i dllmain.obj
 0001:0000fbe0       ?_Isnil@?$_Tree@V?$_Tmap_traits@PAVCObject@@HU?$less@PAVCObject@@@std@@V?$allocator@U?$pair@QAVCObject@@H@std@@@3@$0A@@std@@@std@@KAAADPAU_Node@?$_Tree_nod@V?$_Tmap_traits@PAVCObject@@HU?$less@PAVCObject@@@std@@V?$allocator@U?$pair@QAVCObject@@H@std@@@3@$0A@@std@@@2@@Z 10010be0 f i dllmain.obj
 0001:0000fbf0       ?_Left@?$_Tree@V?$_Tmap_traits@PAVCObject@@HU?$less@PAVCObject@@@std@@V?$allocator@U?$pair@QAVCObject@@H@std@@@3@$0A@@std@@@std@@KAAAPAU_Node@?$_Tree_nod@V?$_Tmap_traits@PAVCObject@@HU?$less@PAVCObject@@@std@@V?$allocator@U?$pair@QAVCObject@@H@std@@@3@$0A@@std@@@2@PAU342@@Z 10010bf0 f i dllmain.obj
 0001:0000fc00       ?_Parent@?$_Tree@V?$_Tmap_traits@PAVCObject@@HU?$less@PAVCObject@@@std@@V?$allocator@U?$pair@QAVCObject@@H@std@@@3@$0A@@std@@@std@@KAAAPAU_Node@?$_Tree_nod@V?$_Tmap_traits@PAVCObject@@HU?$less@PAVCObject@@@std@@V?$allocator@U?$pair@QAVCObject@@H@std@@@3@$0A@@std@@@2@PAU342@@Z 10010c00 f i dllmain.obj
 0001:0000fc10       ?_Right@?$_Tree@V?$_Tmap_traits@PAVCObject@@HU?$less@PAVCObject@@@std@@V?$allocator@U?$pair@QAVCObject@@H@std@@@3@$0A@@std@@@std@@KAAAPAU_Node@?$_Tree_nod@V?$_Tmap_traits@PAVCObject@@HU?$less@PAVCObject@@@std@@V?$allocator@U?$pair@QAVCObject@@H@std@@@3@$0A@@std@@@2@PAU342@@Z 10010c10 f i dllmain.obj
 0001:0000fc20       ?_Lmost@?$_Tree@V?$_Tmap_traits@PAVCObject@@HU?$less@PAVCObject@@@std@@V?$allocator@U?$pair@QAVCObject@@H@std@@@3@$0A@@std@@@std@@IBEAAPAU_Node@?$_Tree_nod@V?$_Tmap_traits@PAVCObject@@HU?$less@PAVCObject@@@std@@V?$allocator@U?$pair@QAVCObject@@H@std@@@3@$0A@@std@@@2@XZ 10010c20 f i dllmain.obj
 0001:0000fc30       ?_Max@?$_Tree@V?$_Tmap_traits@PAVCObject@@HU?$less@PAVCObject@@@std@@V?$allocator@U?$pair@QAVCObject@@H@std@@@3@$0A@@std@@@std@@KAPAU_Node@?$_Tree_nod@V?$_Tmap_traits@PAVCObject@@HU?$less@PAVCObject@@@std@@V?$allocator@U?$pair@QAVCObject@@H@std@@@3@$0A@@std@@@2@PAU342@@Z 10010c30 f i dllmain.obj
 0001:0000fc60       ?_Min@?$_Tree@V?$_Tmap_traits@PAVCObject@@HU?$less@PAVCObject@@@std@@V?$allocator@U?$pair@QAVCObject@@H@std@@@3@$0A@@std@@@std@@KAPAU_Node@?$_Tree_nod@V?$_Tmap_traits@PAVCObject@@HU?$less@PAVCObject@@@std@@V?$allocator@U?$pair@QAVCObject@@H@std@@@3@$0A@@std@@@2@PAU342@@Z 10010c60 f i dllmain.obj
 0001:0000fc90       ?_Rmost@?$_Tree@V?$_Tmap_traits@PAVCObject@@HU?$less@PAVCObject@@@std@@V?$allocator@U?$pair@QAVCObject@@H@std@@@3@$0A@@std@@@std@@IBEAAPAU_Node@?$_Tree_nod@V?$_Tmap_traits@PAVCObject@@HU?$less@PAVCObject@@@std@@V?$allocator@U?$pair@QAVCObject@@H@std@@@3@$0A@@std@@@2@XZ 10010c90 f i dllmain.obj
 0001:0000fca0       ?_Root@?$_Tree@V?$_Tmap_traits@PAVCObject@@HU?$less@PAVCObject@@@std@@V?$allocator@U?$pair@QAVCObject@@H@std@@@3@$0A@@std@@@std@@IBEAAPAU_Node@?$_Tree_nod@V?$_Tmap_traits@PAVCObject@@HU?$less@PAVCObject@@@std@@V?$allocator@U?$pair@QAVCObject@@H@std@@@3@$0A@@std@@@2@XZ 10010ca0 f i dllmain.obj
 0001:0000fcb0       ?_Rrotate@?$_Tree@V?$_Tmap_traits@PAVCObject@@HU?$less@PAVCObject@@@std@@V?$allocator@U?$pair@QAVCObject@@H@std@@@3@$0A@@std@@@std@@IAEXPAU_Node@?$_Tree_nod@V?$_Tmap_traits@PAVCObject@@HU?$less@PAVCObject@@@std@@V?$allocator@U?$pair@QAVCObject@@H@std@@@3@$0A@@std@@@2@@Z 10010cb0 f i dllmain.obj
 0001:0000fd20       ?_Kfn@?$_Tmap_traits@PAVCObject@@HU?$less@PAVCObject@@@std@@V?$allocator@U?$pair@QAVCObject@@H@std@@@3@$0A@@std@@SAABQAVCObject@@ABU?$pair@QAVCObject@@H@2@@Z 10010d20 f i dllmain.obj
 0001:0000fd30       ??0?$allocator@U?$pair@QAVCObject@@H@std@@@std@@QAE@XZ 10010d30 f i dllmain.obj
 0001:0000fd40       ??R?$less@PAVCObject@@@std@@QBE_NABQAVCObject@@0@Z 10010d40 f i dllmain.obj
 0001:0000fd60       ?deallocate@?$allocator@U_Node@?$_Tree_nod@V?$_Tmap_traits@PAVCObject@@HU?$less@PAVCObject@@@std@@V?$allocator@U?$pair@QAVCObject@@H@std@@@3@$0A@@std@@@std@@@std@@QAEXPAU_Node@?$_Tree_nod@V?$_Tmap_traits@PAVCObject@@HU?$less@PAVCObject@@@std@@V?$allocator@U?$pair@QAVCObject@@H@std@@@3@$0A@@std@@@2@I@Z 10010d60 f i dllmain.obj
 0001:0000fd80       ??0?$pair@Viterator@?$_Tree@V?$_Tmap_traits@PAVCObject@@HU?$less@PAVCObject@@@std@@V?$allocator@U?$pair@QAVCObject@@H@std@@@3@$0A@@std@@@std@@_N@std@@QAE@ABViterator@?$_Tree@V?$_Tmap_traits@PAVCObject@@HU?$less@PAVCObject@@@std@@V?$allocator@U?$pair@QAVCObject@@H@std@@@3@$0A@@std@@@1@AB_N@Z 10010d80 f i dllmain.obj
 0001:0000fdb0       ??8const_iterator@?$_Tree@V?$_Tmap_traits@PAVCObject@@HU?$less@PAVCObject@@@std@@V?$allocator@U?$pair@QAVCObject@@H@std@@@3@$0A@@std@@@std@@QBE_NABV012@@Z 10010db0 f i dllmain.obj
 0001:0000fdf0       ?_Mynode@const_iterator@?$_Tree@V?$_Tmap_traits@PAVCObject@@HU?$less@PAVCObject@@@std@@V?$allocator@U?$pair@QAVCObject@@H@std@@@3@$0A@@std@@@std@@QBEPAU_Node@?$_Tree_nod@V?$_Tmap_traits@PAVCObject@@HU?$less@PAVCObject@@@std@@V?$allocator@U?$pair@QAVCObject@@H@std@@@3@$0A@@std@@@3@XZ 10010df0 f i dllmain.obj
 0001:0000fe00       ??Bsentry@?$basic_ostream@DU?$char_traits@D@std@@@std@@QBE_NXZ 10010e00 f i dllmain.obj
 0001:0000fe10       ?put@?$num_put@DV?$ostreambuf_iterator@DU?$char_traits@D@std@@@std@@@std@@QBE?AV?$ostreambuf_iterator@DU?$char_traits@D@std@@@2@V32@AAVios_base@2@DJ@Z 10010e10 f i dllmain.obj
 0001:0000fe60       ?put@?$num_put@DV?$ostreambuf_iterator@DU?$char_traits@D@std@@@std@@@std@@QBE?AV?$ostreambuf_iterator@DU?$char_traits@D@std@@@2@V32@AAVios_base@2@DK@Z 10010e60 f i dllmain.obj
 0001:0000feb0       ?put@?$num_put@DV?$ostreambuf_iterator@DU?$char_traits@D@std@@@std@@@std@@QBE?AV?$ostreambuf_iterator@DU?$char_traits@D@std@@@2@V32@AAVios_base@2@DPBX@Z 10010eb0 f i dllmain.obj
 0001:0000ff00       ?failed@?$ostreambuf_iterator@DU?$char_traits@D@std@@@std@@QBE_NXZ 10010f00 f i dllmain.obj
 0001:0000ff10       ??0?$_Iterator_with_base@Uoutput_iterator_tag@std@@XXXXU_Iterator_base@2@@std@@QAE@XZ 10010f10 f i dllmain.obj
 0001:0000ff20       ?_Myptr@?$basic_string@DU?$char_traits@D@std@@V?$allocator@D@2@@std@@IAEPADXZ 10010f20 f i dllmain.obj
 0001:0000ff40       ?tie@?$basic_ios@DU?$char_traits@D@std@@@std@@QBEPAV?$basic_ostream@DU?$char_traits@D@std@@@2@XZ 10010f40 f i dllmain.obj
 0001:0000ff50       ?getloc@?$basic_streambuf@DU?$char_traits@D@std@@@std@@QBE?AVlocale@2@XZ 10010f50 f i dllmain.obj
 0001:0000ffa0       ?_Lock@?$basic_streambuf@DU?$char_traits@D@std@@@std@@QAEXXZ 10010fa0 f i dllmain.obj
 0001:0000ffb0       ?_Init@?$basic_streambuf@DU?$char_traits@D@std@@@std@@IAEXPAPAD0PAH001@Z 10010fb0 f i dllmain.obj
 0001:0000fff0       ??0?$allocator@Uvertex@@@std@@QAE@ABV01@@Z 10010ff0 f i dllmain.obj
 0001:00010000       ?deallocate@?$allocator@Uvertex@@@std@@QAEXPAUvertex@@I@Z 10011000 f i dllmain.obj
 0001:00010020       ?_Myval@?$_Tree@V?$_Tmap_traits@PAVCObject@@HU?$less@PAVCObject@@@std@@V?$allocator@U?$pair@QAVCObject@@H@std@@@3@$0A@@std@@@std@@KAAAU?$pair@QAVCObject@@H@2@PAU_Node@?$_Tree_nod@V?$_Tmap_traits@PAVCObject@@HU?$less@PAVCObject@@@std@@V?$allocator@U?$pair@QAVCObject@@H@std@@@3@$0A@@std@@@2@@Z 10011020 f i dllmain.obj
 0001:00010030       ??0?$allocator@U?$pair@QAVCObject@@H@std@@@std@@QAE@ABV01@@Z 10011030 f i dllmain.obj
 0001:00010040       ??Dconst_iterator@?$_Tree@V?$_Tmap_traits@PAVCObject@@HU?$less@PAVCObject@@@std@@V?$allocator@U?$pair@QAVCObject@@H@std@@@3@$0A@@std@@@std@@QBEABU?$pair@QAVCObject@@H@2@XZ 10011040 f i dllmain.obj
 0001:00010070       ??0_Sentry_base@?$basic_ostream@DU?$char_traits@D@std@@@std@@QAE@AAV12@@Z 10011070 f i dllmain.obj
 0001:000100a0       ??1_Sentry_base@?$basic_ostream@DU?$char_traits@D@std@@@std@@QAE@XZ 100110a0 f i dllmain.obj
 0001:000100c0       ??D?$_String_const_iterator@DU?$char_traits@D@std@@V?$allocator@D@2@@std@@QBEABDXZ 100110c0 f i dllmain.obj
 0001:00010110       ?unshift@?$codecvt@DDH@std@@QBEHAAHPAD1AAPAD@Z 10011110 f i dllmain.obj
 0001:00010120       ??0?$_Bidit@U?$pair@QAVCObject@@H@std@@HPBU12@ABU12@@std@@QAE@XZ 10011120 f i dllmain.obj
 0001:00010130       ?max_size@?$basic_string@DU?$char_traits@D@std@@V?$allocator@D@2@@std@@QBEIXZ 10011130 f i dllmain.obj
 0001:00010140       ?_Inside@?$basic_string@DU?$char_traits@D@std@@V?$allocator@D@2@@std@@IAE_NPBD@Z 10011140 f i dllmain.obj
 0001:00010190       ?setp@?$basic_streambuf@DU?$char_traits@D@std@@@std@@IAEXPAD0@Z 10011190 f i dllmain.obj
 0001:000101c0       ?max_size@?$allocator@U?$pair@QAVCObject@@H@std@@@std@@QBEIXZ 100111c0 f i dllmain.obj
 0001:000101d0       ?_Dec@const_iterator@?$_Tree@V?$_Tmap_traits@PAVCObject@@HU?$less@PAVCObject@@@std@@V?$allocator@U?$pair@QAVCObject@@H@std@@@3@$0A@@std@@@std@@QAEXXZ 100111d0 f i dllmain.obj
 0001:00010280       ?_Inc@const_iterator@?$_Tree@V?$_Tmap_traits@PAVCObject@@HU?$less@PAVCObject@@@std@@V?$allocator@U?$pair@QAVCObject@@H@std@@@3@$0A@@std@@@std@@QAEXXZ 10011280 f i dllmain.obj
 0001:00010300       ??0_Node@?$_Tree_nod@V?$_Tmap_traits@PAVCObject@@HU?$less@PAVCObject@@@std@@V?$allocator@U?$pair@QAVCObject@@H@std@@@3@$0A@@std@@@std@@QAE@PAU012@00ABU?$pair@QAVCObject@@H@2@D@Z 10011300 f i dllmain.obj
 0001:00010340       ??0?$_Ranit_base@DHPBDABDU_Iterator_base@std@@@std@@QAE@XZ 10011340 f i dllmain.obj
 0001:00010350       ?max_size@?$allocator@Uvertex@@@std@@QBEIXZ 10011350 f i dllmain.obj
 0001:00010360       ??0?$_Tmap_traits@PAVCObject@@HU?$less@PAVCObject@@@std@@V?$allocator@U?$pair@QAVCObject@@H@std@@@3@$0A@@std@@QAE@U?$less@PAVCObject@@@1@@Z 10011360 f i dllmain.obj
 0001:00010370       ??$_Pow_int@M@@YAMMH@Z     10011370 f i dllmain.obj
 0001:000103d0       ??$vsprintf_s@$0EAA@@@YAHAAY0EAA@DPBDPAD@Z 100113d0 f i dllmain.obj
 0001:00010400       ??$sprintf_s@$0FA@@@YAHAAY0FA@DPBDZZ 10011400 f i dllmain.obj
 0001:00010420       ??$sprintf_s@$0BAA@@@YAHAAY0BAA@DPBDZZ 10011420 f i dllmain.obj
 0001:00010450       ??$?0PAVCObject@@H@?$pair@QAVCObject@@H@std@@QAE@ABU?$pair@PAVCObject@@H@1@@Z 10011450 f i dllmain.obj
 0001:00010470       ??$_Allocate@D@std@@YAPADIPAD@Z 10011470 f i dllmain.obj
 0001:000104e0       ??$swap@D@std@@YAXAAD0@Z   100114e0 f i dllmain.obj
 0001:00010500       ??$_Destroy@U_Node@?$_Tree_nod@V?$_Tmap_traits@PAVCObject@@HU?$less@PAVCObject@@@std@@V?$allocator@U?$pair@QAVCObject@@H@std@@@3@$0A@@std@@@std@@@std@@YAXPAU_Node@?$_Tree_nod@V?$_Tmap_traits@PAVCObject@@HU?$less@PAVCObject@@@std@@V?$allocator@U?$pair@QAVCObject@@H@std@@@3@$0A@@std@@@0@@Z 10011500 f i dllmain.obj
 0001:00010510       ??$_Destroy@PAU_Node@?$_Tree_nod@V?$_Tmap_traits@PAVCObject@@HU?$less@PAVCObject@@@std@@V?$allocator@U?$pair@QAVCObject@@H@std@@@3@$0A@@std@@@std@@@std@@YAXPAPAU_Node@?$_Tree_nod@V?$_Tmap_traits@PAVCObject@@HU?$less@PAVCObject@@@std@@V?$allocator@U?$pair@QAVCObject@@H@std@@@3@$0A@@std@@@0@@Z 10011510 f i dllmain.obj
 0001:00010520       ??$_Allocate@Uvertex@@@std@@YAPAUvertex@@IPAU1@@Z 10011520 f i dllmain.obj
 0001:000105a0       ??$?0U?$pair@QAVCObject@@H@std@@@?$allocator@PAU_Node@?$_Tree_nod@V?$_Tmap_traits@PAVCObject@@HU?$less@PAVCObject@@@std@@V?$allocator@U?$pair@QAVCObject@@H@std@@@3@$0A@@std@@@std@@@std@@QAE@ABV?$allocator@U?$pair@QAVCObject@@H@std@@@1@@Z 100115a0 f i dllmain.obj
 0001:000105b0       ??$_Allocate@U_Node@?$_Tree_nod@V?$_Tmap_traits@PAVCObject@@HU?$less@PAVCObject@@@std@@V?$allocator@U?$pair@QAVCObject@@H@std@@@3@$0A@@std@@@std@@@std@@YAPAU_Node@?$_Tree_nod@V?$_Tmap_traits@PAVCObject@@HU?$less@PAVCObject@@@std@@V?$allocator@U?$pair@QAVCObject@@H@std@@@3@$0A@@std@@@0@IPAU120@@Z 100115b0 f i dllmain.obj
 0001:00010630       ??$?0U?$pair@QAVCObject@@H@std@@@?$allocator@U_Node@?$_Tree_nod@V?$_Tmap_traits@PAVCObject@@HU?$less@PAVCObject@@@std@@V?$allocator@U?$pair@QAVCObject@@H@std@@@3@$0A@@std@@@std@@@std@@QAE@ABV?$allocator@U?$pair@QAVCObject@@H@std@@@1@@Z 10011630 f i dllmain.obj
 0001:00010640       ??$_Construct@PAU_Node@?$_Tree_nod@V?$_Tmap_traits@PAVCObject@@HU?$less@PAVCObject@@@std@@V?$allocator@U?$pair@QAVCObject@@H@std@@@3@$0A@@std@@@std@@PAU123@@std@@YAXPAPAU_Node@?$_Tree_nod@V?$_Tmap_traits@PAVCObject@@HU?$less@PAVCObject@@@std@@V?$allocator@U?$pair@QAVCObject@@H@std@@@3@$0A@@std@@@0@ABQAU120@@Z 10011640 f i dllmain.obj
 0001:00010660       ??0bad_alloc@std@@QAE@ABV01@@Z 10011660 f i dllmain.obj
 0001:00010680       ?sputn@?$basic_streambuf@DU?$char_traits@D@std@@@std@@QAEHPBDH@Z 10011680 f i dllmain.obj
 0001:00010690       ?pbase@?$basic_streambuf@DU?$char_traits@D@std@@@std@@IBEPADXZ 10011690 f i dllmain.obj
 0001:000106a0       ?setp@?$basic_streambuf@DU?$char_traits@D@std@@@std@@IAEXPAD00@Z 100116a0 f i dllmain.obj
 0001:000106d0       ?put@?$num_put@DV?$ostreambuf_iterator@DU?$char_traits@D@std@@@std@@@std@@QBE?AV?$ostreambuf_iterator@DU?$char_traits@D@std@@@2@V32@AAVios_base@2@DN@Z 100116d0 f i dllmain.obj
 0001:00010720       ?_Tidy@?$basic_stringbuf@DU?$char_traits@D@std@@V?$allocator@D@2@@std@@IAEXXZ 10011720 f i dllmain.obj
 0001:00010790       ?_Init@?$num_put@DV?$ostreambuf_iterator@DU?$char_traits@D@std@@@std@@@std@@IAEXABV_Locinfo@2@@Z 10011790 f i dllmain.obj
 0001:000107b0       ?_Init@?$codecvt@DDH@std@@IAEXABV_Locinfo@2@@Z 100117b0 f i dllmain.obj
 0001:000107c0       ?_Getstate@?$basic_stringbuf@DU?$char_traits@D@std@@V?$allocator@D@2@@std@@AAEHH@Z 100117c0 f i dllmain.obj
 0001:00010800       ??$_Char_traits_cat@U?$char_traits@D@std@@@std@@YA?AU_Secure_char_traits_tag@0@XZ 10011800 f i dllmain.obj
 0001:00010810       ??$copy_s@U?$char_traits@D@std@@@_Traits_helper@std@@YAPADPADIPBDIU_Secure_char_traits_tag@1@@Z 10011810 f i dllmain.obj
 0001:00010840       ??$move_s@U?$char_traits@D@std@@@_Traits_helper@std@@YAPADPADIPBDIU_Secure_char_traits_tag@1@@Z 10011840 f i dllmain.obj
 0001:00010870       ??$_Ptr_cat@PAUvertex@@PAU1@@std@@YA?AU_Nonscalar_ptr_iterator_tag@0@AAPAUvertex@@0@Z 10011870 f i dllmain.obj
 0001:00010880       ??$_Construct@Uvertex@@U1@@std@@YAXPAUvertex@@ABU1@@Z 10011880 f i dllmain.obj
 0001:000108c0       ??$_Destroy@Uvertex@@@std@@YAXPAUvertex@@@Z 100118c0 f i dllmain.obj
 0001:000108d0       ?pow@@YAMMH@Z              100118d0 f i dllmain.obj
 0001:000108f0       ?Box@CDraw@@QAEXMMMMMK@Z   100118f0 f   dllmain.obj
 0001:00010b70       ?BoxBordered@CDraw@@QAEXMMMMMKK@Z 10011b70 f   dllmain.obj
 0001:00010c30       ?DrawString@@YAXHHKPBD@Z   10011c30 f   dllmain.obj
 0001:00010d10       ?ScrollBar@menu@@QAEPAKHHHH@Z 10011d10 f   dllmain.obj
 0001:00010ea0       ?SelectionButton@menu@@QAEXPAPADHHH@Z 10011ea0 f   dllmain.obj
 0001:00011140       ?ComboList@menu@@QAEXPAPADHHHHH@Z 10012140 f   dllmain.obj
 0001:00011720       ?SelectionReturn@menu@@QAEPAKHHHH@Z 10012720 f   dllmain.obj
 0001:000117f0       ?ReturnFunction@menu@@QAEPAKHHH@Z 100127f0 f   dllmain.obj
 0001:00011890       ?BuildMenuTab1@@YAXXZ      10012890 f   dllmain.obj
 0001:00011e50       ?BuildMenuTab2@@YAXXZ      10012e50 f   dllmain.obj
 0001:00012110       ?BuildMenuTab3@@YAXXZ      10013110 f   dllmain.obj
 0001:000125d0       ?BuildMenuTab4@@YAXXZ      100135d0 f   dllmain.obj
 0001:00012a90       ?BuildMenuTab5@@YAXXZ      10013a90 f   dllmain.obj
 0001:00013050       ?BuildMenuTab6@@YAXXZ      10014050 f   dllmain.obj
 0001:00013590       ?BuildMenuTab7@@YAXXZ      10014590 f   dllmain.obj
 0001:00013bc0       ?BuildMenuTabSelect@@YAXXZ 10014bc0 f   dllmain.obj
 0001:000142a0       ?BuildMenu@@YAXXZ          100152a0 f   dllmain.obj
 0001:00015b80       ?CreateMyShader@@YAJPAUIDirect3DDevice9@@PAPAUIDirect3DPixelShader9@@MMMM@Z 10016b80 f   dllmain.obj
 0001:00015c90       ?WorldToMap@@YAHPAUD3DXVECTOR3@@@Z 10016c90 f   dllmain.obj
 0001:000160a0       ?GetXDistance@@YAMPAVCPlayer@@0@Z 100170a0 f   dllmain.obj
 0001:00016190       ?CorrectAimLead@@YAMUD3DXVECTOR3@@0MMM@Z 10017190 f   dllmain.obj
 0001:00016380       ?hkDrawOverlay@@YGXXZ      10017380 f   dllmain.obj
 0001:00016450       ?c_str@?$basic_string@DU?$char_traits@D@std@@V?$allocator@D@2@@std@@QBEPBDXZ 10017450 f i dllmain.obj
 0001:00016470       ?allocate@?$allocator@D@std@@QAEPADI@Z 10017470 f i dllmain.obj
 0001:00016490       ??1?$basic_streambuf@DU?$char_traits@D@std@@@std@@UAE@XZ 10017490 f i dllmain.obj
 0001:00016520       ?to_char_type@?$char_traits@D@std@@SADABH@Z 10017520 f i dllmain.obj
 0001:00016530       ?overflow@?$basic_streambuf@DU?$char_traits@D@std@@@std@@MAEHH@Z 10017530 f i dllmain.obj
 0001:00016540       ?pbackfail@?$basic_streambuf@DU?$char_traits@D@std@@@std@@MAEHH@Z 10017540 f i dllmain.obj
 0001:00016550       ?showmanyc@?$basic_streambuf@DU?$char_traits@D@std@@@std@@MAEHXZ 10017550 f i dllmain.obj
 0001:00016560       ?underflow@?$basic_streambuf@DU?$char_traits@D@std@@@std@@MAEHXZ 10017560 f i dllmain.obj
 0001:00016570       ?xsgetn@?$basic_streambuf@DU?$char_traits@D@std@@@std@@MAEHPADH@Z 10017570 f i dllmain.obj
 0001:00016590       ?setbuf@?$basic_streambuf@DU?$char_traits@D@std@@@std@@MAEPAV12@PADH@Z 10017590 f i dllmain.obj
 0001:000165a0       ?sync@?$basic_streambuf@DU?$char_traits@D@std@@@std@@MAEHXZ 100175a0 f i dllmain.obj
 0001:000165b0       ?imbue@?$basic_streambuf@DU?$char_traits@D@std@@@std@@MAEXABVlocale@2@@Z 100175b0 f i dllmain.obj
 0001:000165c0       ?gbump@?$basic_streambuf@DU?$char_traits@D@std@@@std@@IAEXH@Z 100175c0 f i dllmain.obj
 0001:000165e0       ?_Gninc@?$basic_streambuf@DU?$char_traits@D@std@@@std@@IAEPADXZ 100175e0 f i dllmain.obj
 0001:00016600       ?_Gnavail@?$basic_streambuf@DU?$char_traits@D@std@@@std@@IBEHXZ 10017600 f i dllmain.obj
 0001:00016620       ?pbump@?$basic_streambuf@DU?$char_traits@D@std@@@std@@IAEXH@Z 10017620 f i dllmain.obj
 0001:00016640       ??0?$fpos@H@std@@QAE@J@Z   10017640 f i dllmain.obj
 0001:00016660       ?uflow@?$basic_streambuf@DU?$char_traits@D@std@@@std@@MAEHXZ 10017660 f i dllmain.obj
 0001:000166a0       ?seekoff@?$basic_streambuf@DU?$char_traits@D@std@@@std@@MAE?AV?$fpos@H@2@JHH@Z 100176a0 f i dllmain.obj
 0001:000166c0       ?seekpos@?$basic_streambuf@DU?$char_traits@D@std@@@std@@MAE?AV?$fpos@H@2@V32@H@Z 100176c0 f i dllmain.obj
 0001:000166e0       ??A?$vector@Uvertex@@V?$allocator@Uvertex@@@std@@@std@@QAEAAUvertex@@I@Z 100176e0 f i dllmain.obj
 0001:00016730       ??9const_iterator@?$_Tree@V?$_Tmap_traits@PAVCObject@@HU?$less@PAVCObject@@@std@@V?$allocator@U?$pair@QAVCObject@@H@std@@@3@$0A@@std@@@std@@QBE_NABV012@@Z 10017730 f i dllmain.obj
 0001:00016770       ??_G?$basic_ostream@DU?$char_traits@D@std@@@std@@UAEPAXI@Z 10017770 f i dllmain.obj
 0001:00016770       ??_E?$basic_ostream@DU?$char_traits@D@std@@@std@@UAEPAXI@Z 10017770 f i dllmain.obj
 0001:000167c0       ??_E?$basic_streambuf@DU?$char_traits@D@std@@@std@@UAEPAXI@Z 100177c0 f i dllmain.obj
 0001:000167c0       ??_G?$basic_streambuf@DU?$char_traits@D@std@@@std@@UAEPAXI@Z 100177c0 f i dllmain.obj
 0001:000167f0       ?compare@?$basic_string@DU?$char_traits@D@std@@V?$allocator@D@2@@std@@QBEHIIPBDI@Z 100177f0 f i dllmain.obj
 0001:00016880       ??0?$_String_val@DV?$allocator@D@std@@@std@@IAE@V?$allocator@D@1@@Z 10017880 f i dllmain.obj
 0001:00016890       ?sputc@?$basic_streambuf@DU?$char_traits@D@std@@@std@@QAEHD@Z 10017890 f i dllmain.obj
 0001:000168e0       ??0?$_Vector_val@Uvertex@@V?$allocator@Uvertex@@@std@@@std@@IAE@V?$allocator@Uvertex@@@1@@Z 100178e0 f i dllmain.obj
 0001:000168f0       ?_Key@?$_Tree@V?$_Tmap_traits@PAVCObject@@HU?$less@PAVCObject@@@std@@V?$allocator@U?$pair@QAVCObject@@H@std@@@3@$0A@@std@@@std@@KAABQAVCObject@@PAU_Node@?$_Tree_nod@V?$_Tmap_traits@PAVCObject@@HU?$less@PAVCObject@@@std@@V?$allocator@U?$pair@QAVCObject@@H@std@@@3@$0A@@std@@@2@@Z 100178f0 f i dllmain.obj
 0001:00016900       ?_Lrotate@?$_Tree@V?$_Tmap_traits@PAVCObject@@HU?$less@PAVCObject@@@std@@V?$allocator@U?$pair@QAVCObject@@H@std@@@3@$0A@@std@@@std@@IAEXPAU_Node@?$_Tree_nod@V?$_Tmap_traits@PAVCObject@@HU?$less@PAVCObject@@@std@@V?$allocator@U?$pair@QAVCObject@@H@std@@@3@$0A@@std@@@2@@Z 10017900 f i dllmain.obj
 0001:00016970       ?destroy@?$allocator@U_Node@?$_Tree_nod@V?$_Tmap_traits@PAVCObject@@HU?$less@PAVCObject@@@std@@V?$allocator@U?$pair@QAVCObject@@H@std@@@3@$0A@@std@@@std@@@std@@QAEXPAU_Node@?$_Tree_nod@V?$_Tmap_traits@PAVCObject@@HU?$less@PAVCObject@@@std@@V?$allocator@U?$pair@QAVCObject@@H@std@@@3@$0A@@std@@@2@@Z 10017970 f i dllmain.obj
 0001:00016980       ??Diterator@?$_Tree@V?$_Tmap_traits@PAVCObject@@HU?$less@PAVCObject@@@std@@V?$allocator@U?$pair@QAVCObject@@H@std@@@3@$0A@@std@@@std@@QBEAAU?$pair@QAVCObject@@H@2@XZ 10017980 f i dllmain.obj
 0001:000169b0       ??D?$_String_iterator@DU?$char_traits@D@std@@V?$allocator@D@2@@std@@QBEAADXZ 100179b0 f i dllmain.obj
 0001:00016a00       ??0?$_Outit_with_base@U_Iterator_base@std@@@std@@QAE@XZ 10017a00 f i dllmain.obj
 0001:00016a10       ?_Chassign@?$basic_string@DU?$char_traits@D@std@@V?$allocator@D@2@@std@@IAEXIID@Z 10017a10 f i dllmain.obj
 0001:00016a80       ?_Eos@?$basic_string@DU?$char_traits@D@std@@V?$allocator@D@2@@std@@IAEXI@Z 10017a80 f i dllmain.obj
 0001:00016ab0       ?_Init@?$basic_streambuf@DU?$char_traits@D@std@@@std@@IAEXXZ 10017ab0 f i dllmain.obj
 0001:00016b20       ?max_size@?$_Tree@V?$_Tmap_traits@PAVCObject@@HU?$less@PAVCObject@@@std@@V?$allocator@U?$pair@QAVCObject@@H@std@@@3@$0A@@std@@@std@@QBEIXZ 10017b20 f i dllmain.obj
 0001:00016b30       ?destroy@?$allocator@PAU_Node@?$_Tree_nod@V?$_Tmap_traits@PAVCObject@@HU?$less@PAVCObject@@@std@@V?$allocator@U?$pair@QAVCObject@@H@std@@@3@$0A@@std@@@std@@@std@@QAEXPAPAU_Node@?$_Tree_nod@V?$_Tmap_traits@PAVCObject@@HU?$less@PAVCObject@@@std@@V?$allocator@U?$pair@QAVCObject@@H@std@@@3@$0A@@std@@@2@@Z 10017b30 f i dllmain.obj
 0001:00016b40       ??0const_iterator@?$_Tree@V?$_Tmap_traits@PAVCObject@@HU?$less@PAVCObject@@@std@@V?$allocator@U?$pair@QAVCObject@@H@std@@@3@$0A@@std@@@std@@QAE@PAU_Node@?$_Tree_nod@V?$_Tmap_traits@PAVCObject@@HU?$less@PAVCObject@@@std@@V?$allocator@U?$pair@QAVCObject@@H@std@@@3@$0A@@std@@@2@PBV12@@Z 10017b40 f i dllmain.obj
 0001:00016b70       ??Econst_iterator@?$_Tree@V?$_Tmap_traits@PAVCObject@@HU?$less@PAVCObject@@@std@@V?$allocator@U?$pair@QAVCObject@@H@std@@@3@$0A@@std@@@std@@QAEAAV012@XZ 10017b70 f i dllmain.obj
 0001:00016b80       ??Fconst_iterator@?$_Tree@V?$_Tmap_traits@PAVCObject@@HU?$less@PAVCObject@@@std@@V?$allocator@U?$pair@QAVCObject@@H@std@@@3@$0A@@std@@@std@@QAEAAV012@XZ 10017b80 f i dllmain.obj
 0001:00016b90       ?max_size@?$vector@Uvertex@@V?$allocator@Uvertex@@@std@@@std@@QBEIXZ 10017b90 f i dllmain.obj
 0001:00016ba0       ?allocate@?$allocator@Uvertex@@@std@@QAEPAUvertex@@I@Z 10017ba0 f i dllmain.obj
 0001:00016bc0       ?allocate@?$allocator@U_Node@?$_Tree_nod@V?$_Tmap_traits@PAVCObject@@HU?$less@PAVCObject@@@std@@V?$allocator@U?$pair@QAVCObject@@H@std@@@3@$0A@@std@@@std@@@std@@QAEPAU_Node@?$_Tree_nod@V?$_Tmap_traits@PAVCObject@@HU?$less@PAVCObject@@@std@@V?$allocator@U?$pair@QAVCObject@@H@std@@@3@$0A@@std@@@2@I@Z 10017bc0 f i dllmain.obj
 0001:00016be0       ??0?$_String_const_iterator@DU?$char_traits@D@std@@V?$allocator@D@2@@std@@QAE@PBDPBU_Container_base@1@@Z 10017be0 f i dllmain.obj
 0001:00016c50       ?_Erase@?$_Tree@V?$_Tmap_traits@PAVCObject@@HU?$less@PAVCObject@@@std@@V?$allocator@U?$pair@QAVCObject@@H@std@@@3@$0A@@std@@@std@@IAEXPAU_Node@?$_Tree_nod@V?$_Tmap_traits@PAVCObject@@HU?$less@PAVCObject@@@std@@V?$allocator@U?$pair@QAVCObject@@H@std@@@3@$0A@@std@@@2@@Z 10017c50 f i dllmain.obj
 0001:00016ca0       ??0?$_Tree_nod@V?$_Tmap_traits@PAVCObject@@HU?$less@PAVCObject@@@std@@V?$allocator@U?$pair@QAVCObject@@H@std@@@3@$0A@@std@@@std@@IAE@ABU?$less@PAVCObject@@@1@V?$allocator@U?$pair@QAVCObject@@H@std@@@1@@Z 10017ca0 f i dllmain.obj
 0001:00016cb0       ?construct@?$allocator@PAU_Node@?$_Tree_nod@V?$_Tmap_traits@PAVCObject@@HU?$less@PAVCObject@@@std@@V?$allocator@U?$pair@QAVCObject@@H@std@@@3@$0A@@std@@@std@@@std@@QAEXPAPAU_Node@?$_Tree_nod@V?$_Tmap_traits@PAVCObject@@HU?$less@PAVCObject@@@std@@V?$allocator@U?$pair@QAVCObject@@H@std@@@3@$0A@@std@@@2@ABQAU342@@Z 10017cb0 f i dllmain.obj
 0001:00016cd0       ??$copy_s@U?$char_traits@D@std@@@_Traits_helper@std@@YAPADPADIPBDI@Z 10017cd0 f i dllmain.obj
 0001:00016d00       ??$move_s@U?$char_traits@D@std@@@_Traits_helper@std@@YAPADPADIPBDI@Z 10017d00 f i dllmain.obj
 0001:00016d30       ??1?$basic_stringbuf@DU?$char_traits@D@std@@V?$allocator@D@2@@std@@UAE@XZ 10017d30 f i dllmain.obj
 0001:00016d50       ?eq@?$char_traits@D@std@@SA_NABD0@Z 10017d50 f i dllmain.obj
 0001:00016d70       ?not_eof@?$char_traits@D@std@@SAHABH@Z 10017d70 f i dllmain.obj
 0001:00016d90       ??B?$fpos@H@std@@QBEJXZ    10017d90 f i dllmain.obj
 0001:00016da0       ?pbackfail@?$basic_stringbuf@DU?$char_traits@D@std@@V?$allocator@D@2@@std@@MAEHH@Z 10017da0 f i dllmain.obj
 0001:00016e00       ?underflow@?$basic_stringbuf@DU?$char_traits@D@std@@V?$allocator@D@2@@std@@MAEHXZ 10017e00 f i dllmain.obj
 0001:00016e80       ?overflow@?$basic_stringbuf@DU?$char_traits@D@std@@V?$allocator@D@2@@std@@MAEHH@Z 10017e80 f i dllmain.obj
 0001:000170a0       ?seekoff@?$basic_stringbuf@DU?$char_traits@D@std@@V?$allocator@D@2@@std@@MAE?AV?$fpos@H@2@JHH@Z 100180a0 f i dllmain.obj
 0001:00017250       ?seekpos@?$basic_stringbuf@DU?$char_traits@D@std@@V?$allocator@D@2@@std@@MAE?AV?$fpos@H@2@V32@H@Z 10018250 f i dllmain.obj
 0001:00017350       ??_G?$basic_stringbuf@DU?$char_traits@D@std@@V?$allocator@D@2@@std@@UAEPAXI@Z 10018350 f i dllmain.obj
 0001:00017350       ??_E?$basic_stringbuf@DU?$char_traits@D@std@@V?$allocator@D@2@@std@@UAEPAXI@Z 10018350 f i dllmain.obj
 0001:00017390       ?_Init@?$basic_stringbuf@DU?$char_traits@D@std@@V?$allocator@D@2@@std@@IAEXPBDIH@Z 10018390 f i dllmain.obj
 0001:00017460       ?construct@?$allocator@Uvertex@@@std@@QAEXPAUvertex@@ABU3@@Z 10018460 f i dllmain.obj
 0001:000174a0       ?destroy@?$allocator@Uvertex@@@std@@QAEXPAUvertex@@@Z 100184a0 f i dllmain.obj
 0001:000174b0       ?EnemyIsAimingAtYou@@YAXPAVCPlayer@@@Z 100184b0 f   dllmain.obj
 0001:00017830       ?compare@?$basic_string@DU?$char_traits@D@std@@V?$allocator@D@2@@std@@QBEHABV12@@Z 10018830 f i dllmain.obj
 0001:00017870       ?compare@?$basic_string@DU?$char_traits@D@std@@V?$allocator@D@2@@std@@QBEHPBD@Z 10018870 f i dllmain.obj
 0001:000178b0       ?_Xsgetn_s@?$basic_streambuf@DU?$char_traits@D@std@@@std@@MAEHPADIH@Z 100188b0 f i dllmain.obj
 0001:00017970       ?xsputn@?$basic_streambuf@DU?$char_traits@D@std@@@std@@MAEHPBDH@Z 10018970 f i dllmain.obj
 0001:00017a30       ??Citerator@?$_Tree@V?$_Tmap_traits@PAVCObject@@HU?$less@PAVCObject@@@std@@V?$allocator@U?$pair@QAVCObject@@H@std@@@3@$0A@@std@@@std@@QBEPAU?$pair@QAVCObject@@H@2@XZ 10018a30 f i dllmain.obj
 0001:00017a60       ?erase@?$basic_string@DU?$char_traits@D@std@@V?$allocator@D@2@@std@@QAEAAV12@II@Z 10018a60 f i dllmain.obj
 0001:00017b10       ?_Tidy@?$basic_string@DU?$char_traits@D@std@@V?$allocator@D@2@@std@@IAEX_NI@Z 10018b10 f i dllmain.obj
 0001:00017b70       ?_Init@?$basic_filebuf@DU?$char_traits@D@std@@@std@@IAEXPAU_iobuf@@W4_Initfl@12@@Z 10018b70 f i dllmain.obj
 0001:00017be0       ?_Initcvt@?$basic_filebuf@DU?$char_traits@D@std@@@std@@IAEXPAV?$codecvt@DDH@2@@Z 10018be0 f i dllmain.obj
 0001:00017c20       ??0iterator@?$_Tree@V?$_Tmap_traits@PAVCObject@@HU?$less@PAVCObject@@@std@@V?$allocator@U?$pair@QAVCObject@@H@std@@@3@$0A@@std@@@std@@QAE@PAU_Node@?$_Tree_nod@V?$_Tmap_traits@PAVCObject@@HU?$less@PAVCObject@@@std@@V?$allocator@U?$pair@QAVCObject@@H@std@@@3@$0A@@std@@@2@PBV12@@Z 10018c20 f i dllmain.obj
 0001:00017c50       ??Eiterator@?$_Tree@V?$_Tmap_traits@PAVCObject@@HU?$less@PAVCObject@@@std@@V?$allocator@U?$pair@QAVCObject@@H@std@@@3@$0A@@std@@@std@@QAEAAV012@XZ 10018c50 f i dllmain.obj
 0001:00017c60       ??Fiterator@?$_Tree@V?$_Tmap_traits@PAVCObject@@HU?$less@PAVCObject@@@std@@V?$allocator@U?$pair@QAVCObject@@H@std@@@3@$0A@@std@@@std@@QAEAAV012@XZ 10018c60 f i dllmain.obj
 0001:00017c70       ??0?$ostreambuf_iterator@DU?$char_traits@D@std@@@std@@QAE@PAV?$basic_streambuf@DU?$char_traits@D@std@@@1@@Z 10018c70 f i dllmain.obj
 0001:00017c90       ??0?$basic_streambuf@DU?$char_traits@D@std@@@std@@IAE@XZ 10018c90 f i dllmain.obj
 0001:00017d60       ?_Buynode@?$_Tree@V?$_Tmap_traits@PAVCObject@@HU?$less@PAVCObject@@@std@@V?$allocator@U?$pair@QAVCObject@@H@std@@@3@$0A@@std@@@std@@IAEPAU_Node@?$_Tree_nod@V?$_Tmap_traits@PAVCObject@@HU?$less@PAVCObject@@@std@@V?$allocator@U?$pair@QAVCObject@@H@std@@@3@$0A@@std@@@2@PAU342@00ABU?$pair@QAVCObject@@H@2@D@Z 10018d60 f i dllmain.obj
 0001:00017db0       ??0?$_String_iterator@DU?$char_traits@D@std@@V?$allocator@D@2@@std@@QAE@PADPBU_Container_base@1@@Z 10018db0 f i dllmain.obj
 0001:00017dd0       ?_Copy@?$basic_string@DU?$char_traits@D@std@@V?$allocator@D@2@@std@@IAEXII@Z 10018dd0 f i dllmain.obj
 0001:00017f70       ?clear@?$_Tree@V?$_Tmap_traits@PAVCObject@@HU?$less@PAVCObject@@@std@@V?$allocator@U?$pair@QAVCObject@@H@std@@@3@$0A@@std@@@std@@QAEXXZ 10018f70 f i dllmain.obj
 0001:00017fb0       ?_Buynode@?$_Tree@V?$_Tmap_traits@PAVCObject@@HU?$less@PAVCObject@@@std@@V?$allocator@U?$pair@QAVCObject@@H@std@@@3@$0A@@std@@@std@@IAEPAU_Node@?$_Tree_nod@V?$_Tmap_traits@PAVCObject@@HU?$less@PAVCObject@@@std@@V?$allocator@U?$pair@QAVCObject@@H@std@@@3@$0A@@std@@@2@XZ 10018fb0 f i dllmain.obj
 0001:00018000       ??0?$_Tree_ptr@V?$_Tmap_traits@PAVCObject@@HU?$less@PAVCObject@@@std@@V?$allocator@U?$pair@QAVCObject@@H@std@@@3@$0A@@std@@@std@@IAE@ABU?$less@PAVCObject@@@1@V?$allocator@U?$pair@QAVCObject@@H@std@@@1@@Z 10019000 f i dllmain.obj
 0001:00018010       ??$?8DU?$char_traits@D@std@@V?$allocator@D@1@@std@@YA_NABV?$basic_string@DU?$char_traits@D@std@@V?$allocator@D@2@@0@0@Z 10019010 f i dllmain.obj
 0001:00018050       ??$?8DU?$char_traits@D@std@@V?$allocator@D@1@@std@@YA_NABV?$basic_string@DU?$char_traits@D@std@@V?$allocator@D@2@@0@PBD@Z 10019050 f i dllmain.obj
 0001:000180a0       ??1?$basic_ostringstream@DU?$char_traits@D@std@@V?$allocator@D@2@@std@@UAE@XZ 100190a0 f i dllmain.obj
 0001:00018130       ??0?$basic_stringbuf@DU?$char_traits@D@std@@V?$allocator@D@2@@std@@QAE@H@Z 10019130 f i dllmain.obj
 0001:000181d0       ??$_Destroy_range@Uvertex@@V?$allocator@Uvertex@@@std@@@std@@YAXPAUvertex@@0AAV?$allocator@Uvertex@@@0@U_Nonscalar_ptr_iterator_tag@0@@Z 100191d0 f i dllmain.obj
 0001:000181e0       ??$_Uninit_fill_n@PAUvertex@@IU1@V?$allocator@Uvertex@@@std@@@std@@YAXPAUvertex@@IABU1@AAV?$allocator@Uvertex@@@0@U_Nonscalar_ptr_iterator_tag@0@U_Range_checked_iterator_tag@0@@Z 100191e0 f i dllmain.obj
 0001:00018230       ??0?$basic_string@DU?$char_traits@D@std@@V?$allocator@D@2@@std@@QAE@XZ 10019230 f i dllmain.obj
 0001:00018250       ??1?$basic_string@DU?$char_traits@D@std@@V?$allocator@D@2@@std@@QAE@XZ 10019250 f i dllmain.obj
 0001:00018280       ?begin@?$_Tree@V?$_Tmap_traits@PAVCObject@@HU?$less@PAVCObject@@@std@@V?$allocator@U?$pair@QAVCObject@@H@std@@@3@$0A@@std@@@std@@QAE?AViterator@12@XZ 10019280 f i dllmain.obj
 0001:000182a0       ?end@?$_Tree@V?$_Tmap_traits@PAVCObject@@HU?$less@PAVCObject@@@std@@V?$allocator@U?$pair@QAVCObject@@H@std@@@3@$0A@@std@@@std@@QAE?AViterator@12@XZ 100192a0 f i dllmain.obj
 0001:000182c0       ??Eiterator@?$_Tree@V?$_Tmap_traits@PAVCObject@@HU?$less@PAVCObject@@@std@@V?$allocator@U?$pair@QAVCObject@@H@std@@@3@$0A@@std@@@std@@QAE?AV012@H@Z 100192c0 f i dllmain.obj
 0001:000182e0       ?begin@?$basic_string@DU?$char_traits@D@std@@V?$allocator@D@2@@std@@QAE?AV?$_String_iterator@DU?$char_traits@D@std@@V?$allocator@D@2@@2@XZ 100192e0 f i dllmain.obj
 0001:00018330       ??0?$basic_filebuf@DU?$char_traits@D@std@@@std@@QAE@PAU_iobuf@@@Z 10019330 f i dllmain.obj
 0001:000183a0       ??$_Fgetc@D@std@@YA_NAADPAU_iobuf@@@Z 100193a0 f i dllmain.obj
 0001:000183d0       ??$_Fputc@D@std@@YA_NDPAU_iobuf@@@Z 100193d0 f i dllmain.obj
 0001:00018400       ??$_Ungetc@D@std@@YA_NABDPAU_iobuf@@@Z 10019400 f i dllmain.obj
 0001:00018430       ?sync@?$basic_filebuf@DU?$char_traits@D@std@@@std@@MAEHXZ 10019430 f i dllmain.obj
 0001:00018470       ?_Gndec@?$basic_streambuf@DU?$char_traits@D@std@@@std@@IAEPADXZ 10019470 f i dllmain.obj
 0001:00018490       ??0?$fpos@H@std@@QAE@H_J@Z 10019490 f i dllmain.obj
 0001:000184c0       ?state@?$fpos@H@std@@QBEHXZ 100194c0 f i dllmain.obj
 0001:000184d0       ?seekpos@?$fpos@H@std@@QBE_JXZ 100194d0 f i dllmain.obj
 0001:000184e0       ?in@?$codecvt@DDH@std@@QBEHAAHPBD1AAPBDPAD3AAPAD@Z 100194e0 f i dllmain.obj
 0001:000184f0       ?out@?$codecvt@DDH@std@@QBEHAAHPBD1AAPBDPAD3AAPAD@Z 100194f0 f i dllmain.obj
 0001:00018500       ?pbackfail@?$basic_filebuf@DU?$char_traits@D@std@@@std@@MAEHH@Z 10019500 f i dllmain.obj
 0001:00018590       ?underflow@?$basic_filebuf@DU?$char_traits@D@std@@@std@@MAEHXZ 10019590 f i dllmain.obj
 0001:000185f0       ?setbuf@?$basic_filebuf@DU?$char_traits@D@std@@@std@@MAEPAV?$basic_streambuf@DU?$char_traits@D@std@@@2@PADH@Z 100195f0 f i dllmain.obj
 0001:000186a0       ?_Grow@?$basic_string@DU?$char_traits@D@std@@V?$allocator@D@2@@std@@IAE_NI_N@Z 100196a0 f i dllmain.obj
 0001:00018790       ?_Init@?$_Tree@V?$_Tmap_traits@PAVCObject@@HU?$less@PAVCObject@@@std@@V?$allocator@U?$pair@QAVCObject@@H@std@@@3@$0A@@std@@@std@@IAEXXZ 10019790 f i dllmain.obj
 0001:000187d0       ??0?$_Tree_val@V?$_Tmap_traits@PAVCObject@@HU?$less@PAVCObject@@@std@@V?$allocator@U?$pair@QAVCObject@@H@std@@@3@$0A@@std@@@std@@IAE@ABU?$less@PAVCObject@@@1@V?$allocator@U?$pair@QAVCObject@@H@std@@@1@@Z 100197d0 f i dllmain.obj
 0001:000187e0       ??$_Destroy_range@Uvertex@@V?$allocator@Uvertex@@@std@@@std@@YAXPAUvertex@@0AAV?$allocator@Uvertex@@@0@@Z 100197e0 f i dllmain.obj
 0001:000187f0       ??$unchecked_uninitialized_fill_n@PAUvertex@@IU1@V?$allocator@Uvertex@@@std@@@stdext@@YAXPAUvertex@@IABU1@AAV?$allocator@Uvertex@@@std@@@Z 100197f0 f i dllmain.obj
 0001:00018830       ??_D?$basic_ostringstream@DU?$char_traits@D@std@@V?$allocator@D@2@@std@@QAEXXZ 10019830 f i dllmain.obj
 0001:00018860       ??_E?$basic_ostringstream@DU?$char_traits@D@std@@V?$allocator@D@2@@std@@UAEPAXI@Z 10019860 f i dllmain.obj
 0001:00018860       ??_G?$basic_ostringstream@DU?$char_traits@D@std@@V?$allocator@D@2@@std@@UAEPAXI@Z 10019860 f i dllmain.obj
 0001:000188b0       ??1logic_error@std@@UAE@XZ 100198b0 f i dllmain.obj
 0001:000188f0       ?what@logic_error@std@@UBEPBDXZ 100198f0 f i dllmain.obj
 0001:00018910       ??_Glogic_error@std@@UAEPAXI@Z 10019910 f i dllmain.obj
 0001:00018910       ??_Elogic_error@std@@UAEPAXI@Z 10019910 f i dllmain.obj
 0001:00018970       ??1runtime_error@std@@UAE@XZ 10019970 f i dllmain.obj
 0001:000189b0       ?what@runtime_error@std@@UBEPBDXZ 100199b0 f i dllmain.obj
 0001:000189d0       ??_Eruntime_error@std@@UAEPAXI@Z 100199d0 f i dllmain.obj
 0001:000189d0       ??_Gruntime_error@std@@UAEPAXI@Z 100199d0 f i dllmain.obj
 0001:00018a30       ??1_Locinfo@std@@QAE@XZ    10019a30 f i dllmain.obj
 0001:00018b40       ?WriteString@CIniWriter@@QAEXPAD0V?$basic_string@DU?$char_traits@D@std@@V?$allocator@D@2@@std@@@Z 10019b40 f   dllmain.obj
 0001:00018b90       ?append@?$basic_string@DU?$char_traits@D@std@@V?$allocator@D@2@@std@@QAEAAV12@ABV12@II@Z 10019b90 f i dllmain.obj
 0001:00018cd0       ?append@?$basic_string@DU?$char_traits@D@std@@V?$allocator@D@2@@std@@QAEAAV12@ID@Z 10019cd0 f i dllmain.obj
 0001:00018da0       ?assign@?$basic_string@DU?$char_traits@D@std@@V?$allocator@D@2@@std@@QAEAAV12@ABV12@II@Z 10019da0 f i dllmain.obj
 0001:00018eb0       ??0?$_Tree@V?$_Tmap_traits@PAVCObject@@HU?$less@PAVCObject@@@std@@V?$allocator@U?$pair@QAVCObject@@H@std@@@3@$0A@@std@@@std@@QAE@ABU?$less@PAVCObject@@@1@ABV?$allocator@U?$pair@QAVCObject@@H@std@@@1@@Z 10019eb0 f i dllmain.obj
 0001:00018ef0       ?assign@?$basic_string@DU?$char_traits@D@std@@V?$allocator@D@2@@std@@QAEAAV12@PBDI@Z 10019ef0 f i dllmain.obj
 0001:00018ff0       ?assign@?$basic_string@DU?$char_traits@D@std@@V?$allocator@D@2@@std@@QAEAAV12@ID@Z 10019ff0 f i dllmain.obj
 0001:000190b0       ?_Destroy@?$vector@Uvertex@@V?$allocator@Uvertex@@@std@@@std@@IAEXPAUvertex@@0@Z 1001a0b0 f i dllmain.obj
 0001:000190c0       ?_Ufill@?$vector@Uvertex@@V?$allocator@Uvertex@@@std@@@std@@IAEPAUvertex@@PAU3@IABU3@@Z 1001a0c0 f i dllmain.obj
 0001:00019110       ??0?$basic_string@DU?$char_traits@D@std@@V?$allocator@D@2@@std@@QAE@PBDI@Z 1001a110 f i dllmain.obj
 0001:00019150       ??0?$basic_string@DU?$char_traits@D@std@@V?$allocator@D@2@@std@@QAE@ABV01@@Z 1001a150 f i dllmain.obj
 0001:00019180       ?append@?$basic_string@DU?$char_traits@D@std@@V?$allocator@D@2@@std@@QAEAAV12@ABV12@@Z 1001a180 f i dllmain.obj
 0001:000191a0       ?uflow@?$basic_filebuf@DU?$char_traits@D@std@@@std@@MAEHXZ 1001a1a0 f i dllmain.obj
 0001:000195e0       ??0?$basic_string@DU?$char_traits@D@std@@V?$allocator@D@2@@std@@QAE@ABV01@II@Z 1001a5e0 f i dllmain.obj
 0001:00019620       ??0?$basic_string@DU?$char_traits@D@std@@V?$allocator@D@2@@std@@QAE@ID@Z 1001a620 f i dllmain.obj
 0001:00019660       ?assign@?$basic_string@DU?$char_traits@D@std@@V?$allocator@D@2@@std@@QAEAAV12@ABV12@@Z 1001a660 f i dllmain.obj
 0001:00019680       ?assign@?$basic_string@DU?$char_traits@D@std@@V?$allocator@D@2@@std@@QAEAAV12@PBD@Z 1001a680 f i dllmain.obj
 0001:000196b0       ?_Tidy@?$vector@Uvertex@@V?$allocator@Uvertex@@@std@@@std@@IAEXXZ 1001a6b0 f i dllmain.obj
 0001:000196f0       ?_Endwrite@?$basic_filebuf@DU?$char_traits@D@std@@@std@@IAE_NXZ 1001a6f0 f i dllmain.obj
 0001:00019ae0       ?str@?$basic_stringbuf@DU?$char_traits@D@std@@V?$allocator@D@2@@std@@QBE?AV?$basic_string@DU?$char_traits@D@std@@V?$allocator@D@2@@2@XZ 1001aae0 f i dllmain.obj
 0001:00019c80       ??0logic_error@std@@QAE@ABV?$basic_string@DU?$char_traits@D@std@@V?$allocator@D@2@@1@@Z 1001ac80 f i dllmain.obj
 0001:00019d10       ??0length_error@std@@QAE@ABV?$basic_string@DU?$char_traits@D@std@@V?$allocator@D@2@@1@@Z 1001ad10 f i dllmain.obj
 0001:00019d30       ??1length_error@std@@UAE@XZ 1001ad30 f i dllmain.obj
 0001:00019d70       ??_Glength_error@std@@UAEPAXI@Z 1001ad70 f i dllmain.obj
 0001:00019d70       ??_Elength_error@std@@UAEPAXI@Z 1001ad70 f i dllmain.obj
 0001:00019dd0       ??0out_of_range@std@@QAE@ABV?$basic_string@DU?$char_traits@D@std@@V?$allocator@D@2@@1@@Z 1001add0 f i dllmain.obj
 0001:00019df0       ??1out_of_range@std@@UAE@XZ 1001adf0 f i dllmain.obj
 0001:00019e30       ??_Eout_of_range@std@@UAEPAXI@Z 1001ae30 f i dllmain.obj
 0001:00019e30       ??_Gout_of_range@std@@UAEPAXI@Z 1001ae30 f i dllmain.obj
 0001:00019e90       ??0runtime_error@std@@QAE@ABV?$basic_string@DU?$char_traits@D@std@@V?$allocator@D@2@@1@@Z 1001ae90 f i dllmain.obj
 0001:00019f20       ??0failure@ios_base@std@@QAE@ABV?$basic_string@DU?$char_traits@D@std@@V?$allocator@D@2@@2@@Z 1001af20 f i dllmain.obj
 0001:00019f40       ??1failure@ios_base@std@@UAE@XZ 1001af40 f i dllmain.obj
 0001:00019f80       ??_Efailure@ios_base@std@@UAEPAXI@Z 1001af80 f i dllmain.obj
 0001:00019f80       ??_Gfailure@ios_base@std@@UAEPAXI@Z 1001af80 f i dllmain.obj
 0001:00019fe0       ?ReadString@CIniReader@@QAE?AV?$basic_string@DU?$char_traits@D@std@@V?$allocator@D@2@@std@@PAD0PBD@Z 1001afe0 f   dllmain.obj
 0001:0001a050       ??0?$basic_string@DU?$char_traits@D@std@@V?$allocator@D@2@@std@@QAE@PBD@Z 1001b050 f i dllmain.obj
 0001:0001a0a0       ??4?$basic_string@DU?$char_traits@D@std@@V?$allocator@D@2@@std@@QAEAAV01@ABV01@@Z 1001b0a0 f i dllmain.obj
 0001:0001a0c0       ??4?$basic_string@DU?$char_traits@D@std@@V?$allocator@D@2@@std@@QAEAAV01@PBD@Z 1001b0c0 f i dllmain.obj
 0001:0001a0f0       ?substr@?$basic_string@DU?$char_traits@D@std@@V?$allocator@D@2@@std@@QBE?AV12@II@Z 1001b0f0 f i dllmain.obj
 0001:0001a130       ??1?$vector@Uvertex@@V?$allocator@Uvertex@@@std@@@std@@QAE@XZ 1001b130 f i dllmain.obj
 0001:0001a170       ?overflow@?$basic_filebuf@DU?$char_traits@D@std@@@std@@MAEHH@Z 1001b170 f i dllmain.obj
 0001:0001a630       ?seekoff@?$basic_filebuf@DU?$char_traits@D@std@@@std@@MAE?AV?$fpos@H@2@JHH@Z 1001b630 f i dllmain.obj
 0001:0001a740       ?seekpos@?$basic_filebuf@DU?$char_traits@D@std@@@std@@MAE?AV?$fpos@H@2@V32@H@Z 1001b740 f i dllmain.obj
 0001:0001a870       ?erase@?$_Tree@V?$_Tmap_traits@PAVCObject@@HU?$less@PAVCObject@@@std@@V?$allocator@U?$pair@QAVCObject@@H@std@@@3@$0A@@std@@@std@@QAE?AViterator@12@V312@@Z 1001b870 f i dllmain.obj
 0001:0001abe0       ??0logic_error@std@@QAE@ABV01@@Z 1001bbe0 f i dllmain.obj
 0001:0001ac70       ?close@?$basic_filebuf@DU?$char_traits@D@std@@@std@@QAEPAV12@XZ 1001bc70 f i dllmain.obj
 0001:0001acd0       ?_Insert@?$_Tree@V?$_Tmap_traits@PAVCObject@@HU?$less@PAVCObject@@@std@@V?$allocator@U?$pair@QAVCObject@@H@std@@@3@$0A@@std@@@std@@IAE?AViterator@12@_NPAU_Node@?$_Tree_nod@V?$_Tmap_traits@PAVCObject@@HU?$less@PAVCObject@@@std@@V?$allocator@U?$pair@QAVCObject@@H@std@@@3@$0A@@std@@@2@ABU?$pair@QAVCObject@@H@2@@Z 1001bcd0 f i dllmain.obj
 0001:0001af50       ??0length_error@std@@QAE@ABV01@@Z 1001bf50 f i dllmain.obj
 0001:0001af70       ?erase@?$_Tree@V?$_Tmap_traits@PAVCObject@@HU?$less@PAVCObject@@@std@@V?$allocator@U?$pair@QAVCObject@@H@std@@@3@$0A@@std@@@std@@QAE?AViterator@12@V312@0@Z 1001bf70 f i dllmain.obj
 0001:0001b070       ?_Xlen@?$vector@Uvertex@@V?$allocator@Uvertex@@@std@@@std@@KAXXZ 1001c070 f i dllmain.obj
 0001:0001b110       ?str@?$basic_ostringstream@DU?$char_traits@D@std@@V?$allocator@D@2@@std@@QBE?AV?$basic_string@DU?$char_traits@D@std@@V?$allocator@D@2@@2@XZ 1001c110 f i dllmain.obj
 0001:0001b140       ??0_Locinfo@std@@QAE@PBD@Z 1001c140 f i dllmain.obj
 0001:0001b240       ??0runtime_error@std@@QAE@ABV01@@Z 1001c240 f i dllmain.obj
 0001:0001b2d0       ??0out_of_range@std@@QAE@ABV01@@Z 1001c2d0 f i dllmain.obj
 0001:0001b2f0       ??0?$ctype@D@std@@QAE@PBF_NI@Z 1001c2f0 f i dllmain.obj
 0001:0001b430       ?do_tolower@?$ctype@D@std@@MBEDD@Z 1001c430 f i dllmain.obj
 0001:0001b450       ?do_tolower@?$ctype@D@std@@MBEPBDPADPBD@Z 1001c450 f i dllmain.obj
 0001:0001b490       ?do_toupper@?$ctype@D@std@@MBEDD@Z 1001c490 f i dllmain.obj
 0001:0001b4b0       ?do_toupper@?$ctype@D@std@@MBEPBDPADPBD@Z 1001c4b0 f i dllmain.obj
 0001:0001b4f0       ?do_widen@?$ctype@D@std@@MBEDD@Z 1001c4f0 f i dllmain.obj
 0001:0001b500       ?do_widen@?$ctype@D@std@@MBEPBDPBD0PAD@Z 1001c500 f i dllmain.obj
 0001:0001b530       ?_Do_widen_s@?$ctype@D@std@@MBEPBDPBD0PADI@Z 1001c530 f i dllmain.obj
 0001:0001b580       ?do_narrow@?$ctype@D@std@@MBEDDD@Z 1001c580 f i dllmain.obj
 0001:0001b590       ?do_narrow@?$ctype@D@std@@MBEPBDPBD0DPAD@Z 1001c590 f i dllmain.obj
 0001:0001b5c0       ?_Do_narrow_s@?$ctype@D@std@@MBEPBDPBD0DPADI@Z 1001c5c0 f i dllmain.obj
 0001:0001b610       ??1?$ctype@D@std@@MAE@XZ   1001c610 f i dllmain.obj
 0001:0001b660       ??_G?$ctype@D@std@@MAEPAXI@Z 1001c660 f i dllmain.obj
 0001:0001b660       ??_E?$ctype@D@std@@MAEPAXI@Z 1001c660 f i dllmain.obj
 0001:0001b6c0       ?_Getcat@?$ctype@D@std@@SAIPAPBVfacet@locale@2@@Z 1001c6c0 f i dllmain.obj
 0001:0001b750       ?clear@ios_base@std@@QAEXH_N@Z 1001c750 f i dllmain.obj
 0001:0001b8d0       ??0failure@ios_base@std@@QAE@ABV012@@Z 1001c8d0 f i dllmain.obj
 0001:0001b8f0       ?clear@ios_base@std@@QAEXH@Z 1001c8f0 f i dllmain.obj
 0001:0001b910       ?_Init@ios_base@std@@IAEXXZ 1001c910 f i dllmain.obj
 0001:0001b9b0       ?ObjectESP@@YAXXZ          1001c9b0 f   dllmain.obj
 0001:0001c1b0       ??1?$basic_filebuf@DU?$char_traits@D@std@@@std@@UAE@XZ 1001d1b0 f i dllmain.obj
 0001:0001c230       ?insert@?$_Tree@V?$_Tmap_traits@PAVCObject@@HU?$less@PAVCObject@@@std@@V?$allocator@U?$pair@QAVCObject@@H@std@@@3@$0A@@std@@@std@@QAE?AU?$pair@Viterator@?$_Tree@V?$_Tmap_traits@PAVCObject@@HU?$less@PAVCObject@@@std@@V?$allocator@U?$pair@QAVCObject@@H@std@@@3@$0A@@std@@@std@@_N@2@ABU?$pair@QAVCObject@@H@2@@Z 1001d230 f i dllmain.obj
 0001:0001c320       ??_G?$basic_filebuf@DU?$char_traits@D@std@@@std@@UAEPAXI@Z 1001d320 f i dllmain.obj
 0001:0001c320       ??_E?$basic_filebuf@DU?$char_traits@D@std@@@std@@UAEPAXI@Z 1001d320 f i dllmain.obj
 0001:0001c350       ?clear@?$basic_ios@DU?$char_traits@D@std@@@std@@QAEXH_N@Z 1001d350 f i dllmain.obj
 0001:0001c370       ?_Tidy@?$_Tree@V?$_Tmap_traits@PAVCObject@@HU?$less@PAVCObject@@@std@@V?$allocator@U?$pair@QAVCObject@@H@std@@@3@$0A@@std@@@std@@IAEXXZ 1001d370 f i dllmain.obj
 0001:0001c3c0       ?_Buy@?$vector@Uvertex@@V?$allocator@Uvertex@@@std@@@std@@IAE_NI@Z 1001d3c0 f i dllmain.obj
 0001:0001c420       ??$use_facet@V?$ctype@D@std@@@std@@YAABV?$ctype@D@0@ABVlocale@0@@Z 1001d420 f i dllmain.obj
 0001:0001c5a0       ??0?$num_put@DV?$ostreambuf_iterator@DU?$char_traits@D@std@@@std@@@std@@QAE@I@Z 1001d5a0 f i dllmain.obj
 0001:0001c670       ?_Getlconv@_Locinfo@std@@QBEPBUlconv@@XZ 1001d670 f i dllmain.obj
 0001:0001c680       ?_Getfalse@_Locinfo@std@@QBEPBDXZ 1001d680 f i dllmain.obj
 0001:0001c690       ?_Gettrue@_Locinfo@std@@QBEPBDXZ 1001d690 f i dllmain.obj
 0001:0001c6a0       ?precision@ios_base@std@@QBEHXZ 1001d6a0 f i dllmain.obj
 0001:0001c6b0       ??1?$num_put@DV?$ostreambuf_iterator@DU?$char_traits@D@std@@@std@@@std@@MAE@XZ 1001d6b0 f i dllmain.obj
 0001:0001c6c0       ??_E?$num_put@DV?$ostreambuf_iterator@DU?$char_traits@D@std@@@std@@@std@@MAEPAXI@Z 1001d6c0 f i dllmain.obj
 0001:0001c6c0       ??_G?$num_put@DV?$ostreambuf_iterator@DU?$char_traits@D@std@@@std@@@std@@MAEPAXI@Z 1001d6c0 f i dllmain.obj
 0001:0001c6f0       ?_Ffmt@?$num_put@DV?$ostreambuf_iterator@DU?$char_traits@D@std@@@std@@@std@@ABAPADPADDH@Z 1001d6f0 f i dllmain.obj
 0001:0001c780       ?_Ifmt@?$num_put@DV?$ostreambuf_iterator@DU?$char_traits@D@std@@@std@@@std@@ABAPADPADPBDH@Z 1001d780 f i dllmain.obj
 0001:0001c840       ??A?$basic_string@DU?$char_traits@D@std@@V?$allocator@D@2@@std@@QAEAADI@Z 1001d840 f i dllmain.obj
 0001:0001c880       ??D?$ostreambuf_iterator@DU?$char_traits@D@std@@@std@@QAEAAV01@XZ 1001d880 f i dllmain.obj
 0001:0001c890       ??E?$ostreambuf_iterator@DU?$char_traits@D@std@@@std@@QAEAAV01@XZ 1001d890 f i dllmain.obj
 0001:0001c8a0       ?decimal_point@?$numpunct@D@std@@QBEDXZ 1001d8a0 f i dllmain.obj
 0001:0001c8b0       ?thousands_sep@?$numpunct@D@std@@QBEDXZ 1001d8b0 f i dllmain.obj
 0001:0001c8c0       ?_Tidy@?$numpunct@D@std@@AAEXXZ 1001d8c0 f i dllmain.obj
 0001:0001c8f0       ??$_Maklocchr@D@std@@YADDPADABU_Cvtvec@@@Z 1001d8f0 f i dllmain.obj
 0001:0001c900       ??$_Maklocstr@D@std@@YAPADPBDPADABU_Cvtvec@@@Z 1001d900 f i dllmain.obj
 0001:0001c960       ??4?$ostreambuf_iterator@DU?$char_traits@D@std@@@std@@QAEAAV01@D@Z 1001d960 f i dllmain.obj
 0001:0001c9d0       ?_Init@?$numpunct@D@std@@IAEXABV_Locinfo@2@@Z 1001d9d0 f i dllmain.obj
 0001:0001cae0       ?_Put@?$num_put@DV?$ostreambuf_iterator@DU?$char_traits@D@std@@@std@@@std@@ABA?AV?$ostreambuf_iterator@DU?$char_traits@D@std@@@2@V32@PBDI@Z 1001dae0 f i dllmain.obj
 0001:0001cb80       ?_Rep@?$num_put@DV?$ostreambuf_iterator@DU?$char_traits@D@std@@@std@@@std@@ABA?AV?$ostreambuf_iterator@DU?$char_traits@D@std@@@2@V32@DI@Z 1001db80 f i dllmain.obj
 0001:0001cc10       ?_Putc@?$num_put@DV?$ostreambuf_iterator@DU?$char_traits@D@std@@@std@@@std@@ABA?AV?$ostreambuf_iterator@DU?$char_traits@D@std@@@2@V32@PBDI@Z 1001dc10 f i dllmain.obj
 0001:0001ccb0       ?_Putgrouped@?$num_put@DV?$ostreambuf_iterator@DU?$char_traits@D@std@@@std@@@std@@ABA?AV?$ostreambuf_iterator@DU?$char_traits@D@std@@@2@V32@PBDID@Z 1001dcb0 f i dllmain.obj
 0001:0001cdb0       ?falsename@?$numpunct@D@std@@QBE?AV?$basic_string@DU?$char_traits@D@std@@V?$allocator@D@2@@2@XZ 1001ddb0 f i dllmain.obj
 0001:0001cde0       ?truename@?$numpunct@D@std@@QBE?AV?$basic_string@DU?$char_traits@D@std@@V?$allocator@D@2@@2@XZ 1001dde0 f i dllmain.obj
 0001:0001ce10       ?insert@?$basic_string@DU?$char_traits@D@std@@V?$allocator@D@2@@std@@QAEAAV12@IID@Z 1001de10 f i dllmain.obj
 0001:0001cf50       ?grouping@?$numpunct@D@std@@QBE?AV?$basic_string@DU?$char_traits@D@std@@V?$allocator@D@2@@2@XZ 1001df50 f i dllmain.obj
 0001:0001cf80       ?append@?$basic_string@DU?$char_traits@D@std@@V?$allocator@D@2@@std@@QAEAAV12@PBDI@Z 1001df80 f i dllmain.obj
 0001:0001d0b0       ??0?$codecvt@DDH@std@@QAE@I@Z 1001e0b0 f i dllmain.obj
 0001:0001d170       ??1?$codecvt@DDH@std@@MAE@XZ 1001e170 f i dllmain.obj
 0001:0001d180       ?do_in@?$codecvt@DDH@std@@MBEHAAHPBD1AAPBDPAD3AAPAD@Z 1001e180 f i dllmain.obj
 0001:0001d1b0       ?do_out@?$codecvt@DDH@std@@MBEHAAHPBD1AAPBDPAD3AAPAD@Z 1001e1b0 f i dllmain.obj
 0001:0001d1e0       ?do_unshift@?$codecvt@DDH@std@@MBEHAAHPAD1AAPAD@Z 1001e1e0 f i dllmain.obj
 0001:0001d200       ?do_length@?$codecvt@DDH@std@@MBEHABHPBD1I@Z 1001e200 f i dllmain.obj
 0001:0001d220       ??_E?$codecvt@DDH@std@@MAEPAXI@Z 1001e220 f i dllmain.obj
 0001:0001d220       ??_G?$codecvt@DDH@std@@MAEPAXI@Z 1001e220 f i dllmain.obj
 0001:0001d250       ??0?$numpunct@D@std@@QAE@I@Z 1001e250 f i dllmain.obj
 0001:0001d340       ?do_decimal_point@?$numpunct@D@std@@MBEDXZ 1001e340 f i dllmain.obj
 0001:0001d350       ?do_thousands_sep@?$numpunct@D@std@@MBEDXZ 1001e350 f i dllmain.obj
 0001:0001d360       ??1?$numpunct@D@std@@MAE@XZ 1001e360 f i dllmain.obj
 0001:0001d3a0       ??_G?$numpunct@D@std@@MAEPAXI@Z 1001e3a0 f i dllmain.obj
 0001:0001d3a0       ??_E?$numpunct@D@std@@MAEPAXI@Z 1001e3a0 f i dllmain.obj
 0001:0001d400       ?do_grouping@?$numpunct@D@std@@MBE?AV?$basic_string@DU?$char_traits@D@std@@V?$allocator@D@2@@2@XZ 1001e400 f i dllmain.obj
 0001:0001d460       ?do_falsename@?$numpunct@D@std@@MBE?AV?$basic_string@DU?$char_traits@D@std@@V?$allocator@D@2@@2@XZ 1001e460 f i dllmain.obj
 0001:0001d4c0       ?do_truename@?$numpunct@D@std@@MBE?AV?$basic_string@DU?$char_traits@D@std@@V?$allocator@D@2@@2@XZ 1001e4c0 f i dllmain.obj
 0001:0001d520       ?createObjectWrapper@@YAPAVCObject@@HHH@Z 1001e520 f   dllmain.obj
 0001:0001d5b0       ?setstate@?$basic_ios@DU?$char_traits@D@std@@@std@@QAEXH_N@Z 1001e5b0 f i dllmain.obj
 0001:0001d5e0       ??1?$basic_ofstream@DU?$char_traits@D@std@@@std@@UAE@XZ 1001e5e0 f i dllmain.obj
 0001:0001d660       ?close@?$basic_ofstream@DU?$char_traits@D@std@@@std@@QAEXXZ 1001e660 f i dllmain.obj
 0001:0001d6a0       ??1?$_Tree@V?$_Tmap_traits@PAVCObject@@HU?$less@PAVCObject@@@std@@V?$allocator@U?$pair@QAVCObject@@H@std@@@3@$0A@@std@@@std@@QAE@XZ 1001e6a0 f i dllmain.obj
 0001:0001d6f0       ?_Construct_n@?$vector@Uvertex@@V?$allocator@Uvertex@@@std@@@std@@QAEXIABUvertex@@@Z 1001e6f0 f i dllmain.obj
 0001:0001d7e0       ?widen@?$basic_ios@DU?$char_traits@D@std@@@std@@QBEDD@Z 1001e7e0 f i dllmain.obj
 0001:0001d8d0       ?_Getcat@?$num_put@DV?$ostreambuf_iterator@DU?$char_traits@D@std@@@std@@@std@@SAIPAPBVfacet@locale@2@@Z 1001e8d0 f i dllmain.obj
 0001:0001d960       ?_Getcat@?$codecvt@DDH@std@@SAIPAPBVfacet@locale@2@@Z 1001e960 f i dllmain.obj
 0001:0001d9f0       ?_Getcat@?$numpunct@D@std@@SAIPAPBVfacet@locale@2@@Z 1001e9f0 f i dllmain.obj
 0001:0001da80       ??_D?$basic_ofstream@DU?$char_traits@D@std@@@std@@QAEXXZ 1001ea80 f i dllmain.obj
 0001:0001dab0       ??1?$map@PAVCObject@@HU?$less@PAVCObject@@@std@@V?$allocator@U?$pair@QAVCObject@@H@std@@@3@@std@@QAE@XZ 1001eab0 f i dllmain.obj
 0001:0001db00       ?flush@?$basic_ostream@DU?$char_traits@D@std@@@std@@QAEAAV12@XZ 1001eb00 f i dllmain.obj
 0001:0001db70       ??0?$vector@Uvertex@@V?$allocator@Uvertex@@@std@@@std@@QAE@I@Z 1001eb70 f i dllmain.obj
 0001:0001dbc0       ??0?$map@PAVCObject@@HU?$less@PAVCObject@@@std@@V?$allocator@U?$pair@QAVCObject@@H@std@@@3@@std@@QAE@XZ 1001ebc0 f i dllmain.obj
 0001:0001dc00       ??_G?$basic_ofstream@DU?$char_traits@D@std@@@std@@UAEPAXI@Z 1001ec00 f i dllmain.obj
 0001:0001dc00       ??_E?$basic_ofstream@DU?$char_traits@D@std@@@std@@UAEPAXI@Z 1001ec00 f i dllmain.obj
 0001:0001dc50       ??0sentry@?$basic_ostream@DU?$char_traits@D@std@@@std@@QAE@AAV12@@Z 1001ec50 f i dllmain.obj
 0001:0001dd00       ?_Osfx@?$basic_ostream@DU?$char_traits@D@std@@@std@@QAEXXZ 1001ed00 f i dllmain.obj
 0001:0001dd70       ?init@?$basic_ios@DU?$char_traits@D@std@@@std@@IAEXPAV?$basic_streambuf@DU?$char_traits@D@std@@@2@_N@Z 1001ed70 f i dllmain.obj
 0001:0001dde0       ??$use_facet@V?$num_put@DV?$ostreambuf_iterator@DU?$char_traits@D@std@@@std@@@std@@@std@@YAABV?$num_put@DV?$ostreambuf_iterator@DU?$char_traits@D@std@@@std@@@0@ABVlocale@0@@Z 1001ede0 f i dllmain.obj
 0001:0001df60       ??$use_facet@V?$codecvt@DDH@std@@@std@@YAABV?$codecvt@DDH@0@ABVlocale@0@@Z 1001ef60 f i dllmain.obj
 0001:0001e0e0       ??$use_facet@V?$numpunct@D@std@@@std@@YAABV?$numpunct@D@0@ABVlocale@0@@Z 1001f0e0 f i dllmain.obj
 0001:0001e260       ?Circle@CDraw@@QAEXMMMHH_NHK@Z 1001f260 f   dllmain.obj
 0001:0001e860       ?CircleFilled@CDraw@@QAEXMMMMHHK@Z 1001f860 f   dllmain.obj
 0001:0001ed40       ?BoxRounded@CDraw@@QAEXMMMMM_NKK@Z 1001fd40 f   dllmain.obj
 0001:0001f360       ?Message@CDraw@@QAEXPADMMHH@Z 10020360 f   dllmain.obj
 0001:0001f6d0       ?imbue@?$basic_filebuf@DU?$char_traits@D@std@@@std@@MAEXABVlocale@2@@Z 100206d0 f i dllmain.obj
 0001:0001f720       ??0?$basic_ostream@DU?$char_traits@D@std@@@std@@QAE@PAV?$basic_streambuf@DU?$char_traits@D@std@@@1@_N@Z 10020720 f i dllmain.obj
 0001:0001f7d0       ?open@?$basic_filebuf@DU?$char_traits@D@std@@@std@@QAEPAV12@PBDHH@Z 100207d0 f i dllmain.obj
 0001:0001f930       ??1sentry@?$basic_ostream@DU?$char_traits@D@std@@@std@@QAE@XZ 10020930 f i dllmain.obj
 0001:0001f9c0       ?do_put@?$num_put@DV?$ostreambuf_iterator@DU?$char_traits@D@std@@@std@@@std@@MBE?AV?$ostreambuf_iterator@DU?$char_traits@D@std@@@2@V32@AAVios_base@2@D_N@Z 100209c0 f i dllmain.obj
 0001:0001fca0       ?_Fput@?$num_put@DV?$ostreambuf_iterator@DU?$char_traits@D@std@@@std@@@std@@ABA?AV?$ostreambuf_iterator@DU?$char_traits@D@std@@@2@V32@AAVios_base@2@DPBDIIII@Z 10020ca0 f i dllmain.obj
 0001:00020570       ?_Iput@?$num_put@DV?$ostreambuf_iterator@DU?$char_traits@D@std@@@std@@@std@@ABA?AV?$ostreambuf_iterator@DU?$char_traits@D@std@@@2@V32@AAVios_base@2@DPADI@Z 10021570 f i dllmain.obj
 0001:000209a0       ??$?6U?$char_traits@D@std@@@std@@YAAAV?$basic_ostream@DU?$char_traits@D@std@@@0@AAV10@PBD@Z 100219a0 f i dllmain.obj
 0001:00020c30       ??6?$basic_ostream@DU?$char_traits@D@std@@@std@@QAEAAV01@M@Z 10021c30 f i dllmain.obj
 0001:00020de0       ??0?$basic_ostringstream@DU?$char_traits@D@std@@V?$allocator@D@2@@std@@QAE@H@Z 10021de0 f i dllmain.obj
 0001:00020ef0       ??6?$basic_ostream@DU?$char_traits@D@std@@@std@@QAEAAV01@H@Z 10021ef0 f i dllmain.obj
 0001:000210a0       ??6?$basic_ostream@DU?$char_traits@D@std@@@std@@QAEAAV01@K@Z 100220a0 f i dllmain.obj
 0001:00021250       ??6?$basic_ostream@DU?$char_traits@D@std@@@std@@QAEAAV01@PBX@Z 10022250 f i dllmain.obj
 0001:00021400       ?put@?$basic_ostream@DU?$char_traits@D@std@@@std@@QAEAAV12@D@Z 10022400 f i dllmain.obj
[...]
 0003:00005d3c       ?id@?$numpunct@D@std@@2V0locale@2@A 1008ad3c     dllmain.obj
 0003:00005d40       ?id@?$codecvt@DDH@std@@2V0locale@2@A 1008ad40     dllmain.obj
 0003:00005db4       ?_Clocptr@_Locimp@locale@std@@0PAV123@A 1008adb4     libcpmt:locale0.obj
 0003:00005db8       ?_Id_cnt@id@locale@std@@0HA 1008adb8     libcpmt:locale0.obj
 0003:00005dbc       ?id@?$ctype@D@std@@2V0locale@2@A 1008adbc     libcpmt:locale0.obj
 0003:00005dc0       ?id@?$codecvt@GDH@std@@2V0locale@2@A 1008adc0     libcpmt:locale0.obj
 0003:00005dc4       ?id@?$ctype@_W@std@@2V0locale@2@A 1008adc4     libcpmt:locale0.obj
 0003:00005dc8       ?id@?$codecvt@_WDH@std@@2V0locale@2@A 1008adc8     libcpmt:locale0.obj
 0003:00005dd0       ?id@?$ctype@G@std@@2V0locale@2@A 1008add0     libcpmt:locale0.obj
 0003:00005dd8       ?_Fpz@std@@3_JA            1008add8     libcpmt:ios.obj
 0003:00005de0       ?_Index@ios_base@std@@0HA  1008ade0     libcpmt:ios.obj
 0003:00005f10       ?_Ptr_cin@std@@3PAV?$basic_istream@DU?$char_traits@D@std@@@1@A 1008af10     libcpmt:iosptrs.obj
 0003:00005f14       ?_Ptr_cout@std@@3PAV?$basic_ostream@DU?$char_traits@D@std@@@1@A 1008af14     libcpmt:iosptrs.obj
 0003:00005f18       ?_Ptr_cerr@std@@3PAV?$basic_ostream@DU?$char_traits@D@std@@@1@A 1008af18     libcpmt:iosptrs.obj
 0003:00005f1c       ?_Ptr_clog@std@@3PAV?$basic_ostream@DU?$char_traits@D@std@@@1@A 1008af1c     libcpmt:iosptrs.obj
 0003:00005f20       ?_Ptr_wcin@std@@3PAV?$basic_istream@_WU?$char_traits@_W@std@@@1@A 1008af20     libcpmt:iosptrs.obj
 0003:00005f24       ?_Ptr_wcout@std@@3PAV?$basic_ostream@_WU?$char_traits@_W@std@@@1@A 1008af24     libcpmt:iosptrs.obj
 0003:00005f28       ?_Ptr_wcerr@std@@3PAV?$basic_ostream@_WU?$char_traits@_W@std@@@1@A 1008af28     libcpmt:iosptrs.obj
 0003:00005f2c       ?_Ptr_wclog@std@@3PAV?$basic_ostream@_WU?$char_traits@_W@std@@@1@A 1008af2c     libcpmt:iosptrs.obj
 0003:00005f88       ___fastflag                1008af88     LIBCMT:fpinit.obj
 0003:00005f8c       __adjust_fdiv              1008af8c     LIBCMT:fpinit.obj
 0003:00005f90       ___pInvalidArgHandler      1008af90     LIBCMT:invarg.obj
 0003:00005fa4       ___lconv_static_null       1008afa4     LIBCMT:lconv.obj
 0003:00005fac       __aenvptr                  1008afac     LIBCMT:dllcrt0.obj
 0003:00005fb0       __wenvptr                  1008afb0     LIBCMT:dllcrt0.obj
 0003:00005fb4       ___error_mode              1008afb4     LIBCMT:dllcrt0.obj
 0003:00005fb8       ___app_type                1008afb8     LIBCMT:dllcrt0.obj
 0003:00005fc0       __maxwait                  1008afc0     LIBCMT:crtheap.obj
 0003:00005fc4       ___locale_changed          1008afc4     LIBCMT:setlocal.obj
 0003:00005fc8       __umaskval                 1008afc8     LIBCMT:crt0dat.obj
 0003:00005fcc       __osplatform               1008afcc     LIBCMT:crt0dat.obj
 0003:00005fd0       __osver                    1008afd0     LIBCMT:crt0dat.obj
 0003:00005fd4       __winver                   1008afd4     LIBCMT:crt0dat.obj
 0003:00005fd8       __winmajor                 1008afd8     LIBCMT:crt0dat.obj
 0003:00005fdc       __winminor                 1008afdc     LIBCMT:crt0dat.obj
 0003:00005fe0       ___argc                    1008afe0     LIBCMT:crt0dat.obj
 0003:00005fe4       ___argv                    1008afe4     LIBCMT:crt0dat.obj
 0003:00005fe8       ___wargv                   1008afe8     LIBCMT:crt0dat.obj
 0003:00005fec       __environ                  1008afec     LIBCMT:crt0dat.obj
 0003:00005ff0       ___initenv                 1008aff0     LIBCMT:crt0dat.obj
 0003:00005ff4       __wenviron                 1008aff4     LIBCMT:crt0dat.obj
 0003:00005ff8       ___winitenv                1008aff8     LIBCMT:crt0dat.obj
 0003:00005ffc       __pgmptr                   1008affc     LIBCMT:crt0dat.obj
 0003:00006000       __wpgmptr                  1008b000     LIBCMT:crt0dat.obj
 0003:00006004       __exitflag                 1008b004     LIBCMT:crt0dat.obj
 0003:00006008       __C_Termination_Done       1008b008     LIBCMT:crt0dat.obj
 0003:0000600c       __C_Exit_Done              1008b00c     LIBCMT:crt0dat.obj
 0003:00006018       __crtheap                  1008b018     LIBCMT:heapinit.obj
 0003:00006170       ___sbh_pHeaderDefer        1008b170     LIBCMT:sbheap.obj
 0003:000064a0       ___mbulinfo                1008b4a0     LIBCMT:mbctype.obj
 0003:000064ac       ___mbcodepage              1008b4ac     LIBCMT:mbctype.obj
 0003:000064b0       ___ismbcodepage            1008b4b0     LIBCMT:mbctype.obj
 0003:000064b4       ___mblcid                  1008b4b4     LIBCMT:mbctype.obj
 0003:000064b8       ___lc_handle               1008b4b8     LIBCMT:nlsdata2.obj
 0003:000064d0       ___lc_codepage             1008b4d0     LIBCMT:nlsdata2.obj
 0003:000064d4       ___lc_collate_cp           1008b4d4     LIBCMT:nlsdata2.obj
 0003:000064d8       _gpFlsAlloc                1008b4d8     LIBCMT:tidtable.obj
 0003:000064dc       _gpFlsGetValue             1008b4dc     LIBCMT:tidtable.obj
 0003:000064e0       _gpFlsSetValue             1008b4e0     LIBCMT:tidtable.obj
 0003:000064e4       _gpFlsFree                 1008b4e4     LIBCMT:tidtable.obj
 0003:000064e8       ?_pnhHeap@@3P6AHI@ZA       1008b4e8     LIBCMT:handler.obj
 0003:000064f4       ?__pInconsistency@@3P6AXXZA 1008b4f4     LIBCMT:hooks.obj
 0003:000064f8       __cflush                   1008b4f8     LIBCMT:_file.obj
 0003:00006618       ___pPurecall               1008b618     LIBCMT:inithelp.obj
 0003:00006a74       __newmode                  1008ba74     LIBCMT:_newmode.obj
 0003:00006a8c       ?pArgList@UnDecorator@@0PAVReplicator@@A 1008ba8c     LIBCMT:undname.obj
 0003:00006a90       ?pZNameList@UnDecorator@@0PAVReplicator@@A 1008ba90     LIBCMT:undname.obj
 0003:00006a94       ?pTemplateArgList@UnDecorator@@0PAVReplicator@@A 1008ba94     LIBCMT:undname.obj
 0003:00006a98       ?gName@UnDecorator@@0PBDB  1008ba98     LIBCMT:undname.obj
 0003:00006a9c       ?name@UnDecorator@@0PBDB   1008ba9c     LIBCMT:undname.obj
 0003:00006aa0       ?outputString@UnDecorator@@0PADA 1008baa0     LIBCMT:undname.obj
 0003:00006aa4       ?maxStringLength@UnDecorator@@0HA 1008baa4     LIBCMT:undname.obj
 0003:00006aa8       ?disableFlags@UnDecorator@@0KA 1008baa8     LIBCMT:undname.obj
 0003:00006aac       ?m_pGetParameter@UnDecorator@@0P6APADJ@ZA 1008baac     LIBCMT:undname.obj
 0003:00006ab0       ?fExplicitTemplateParams@UnDecorator@@0_NA 1008bab0     LIBCMT:undname.obj
 0003:00006ab1       ?fGetTemplateArgumentList@UnDecorator@@0_NA 1008bab1     LIBCMT:undname.obj
 0003:00006ab4       __outputformat             1008bab4     LIBCMT:outputformat.obj
 0003:00006b80       __commode                  1008bb80     LIBCMT:ncommode.obj
 0003:00006b98       __stdbuf                   1008bb98     LIBCMT:_sftbuf.obj
 0003:00006ba4       __fmode                    1008bba4     LIBCMT:txtmode.obj
 0003:00006bb0       __nhandle                  1008bbb0     <common>
 0003:00006c00       ___pioinfo                 1008bc00     <common>
 0003:00006d00       ___piob                    1008bd00     <common>
 0003:00007040       __bufin                    1008c040     <common>
 0003:00008040       __nstream                  1008d040     <common>
 0003:00008044       __debugger_hook_dummy      1008d044     <common>
 0003:00008050       __pmatherr                 1008d050     <common>
 0003:0000805c       ___sbh_initialized         1008d05c     <common>
 0003:00008070       ___sbh_cntHeaderList       1008d070     <common>
 0003:00008074       ___sbh_pHeaderList         1008d074     <common>
 0003:00008078       ___sbh_threshold           1008d078     <common>
 0003:0000807c       ___sbh_pHeaderScan         1008d07c     <common>
 0003:00008080       ___sbh_sizeHeaderList      1008d080     <common>
 0003:00008084       ___sbh_indGroupDefer       1008d084     <common>
 0003:00008088       ___active_heap             1008d088     <common>
 0003:00008094       ___use_sse2_mathfcns       1008d094     <common>
 0003:000080a4       ___sse2_available          1008d0a4     <common>
 0003:000080a8       ___env_initialized         1008d0a8     <common>
 0003:000080b8       ___onexitend               1008d0b8     <common>
 0003:000080bc       ___onexitbegin             1008d0bc     <common>
 0003:000080c0       ___mbctype_initialized     1008d0c0     <common>
 0003:000080c4       ___dyn_tls_init_callback   1008d0c4     <common>
 0003:000080c8       ___setlc_active            1008d0c8     <common>
 0003:000080d8       ___unguarded_readlc_active 1008d0d8     <common>
 0003:000080dc       __acmdln                   1008d0dc     <common>
 0004:00000000       __IMPORT_DESCRIPTOR_KERNEL32 1008e000     kernel32:KERNEL32.dll
 0004:00000014       __IMPORT_DESCRIPTOR_d3dx9_43 1008e014     d3dx9:d3dx9_43.dll
 0004:00000028       __IMPORT_DESCRIPTOR_d3d9   1008e028     d3d9:d3d9.dll
 0004:0000003c       __IMPORT_DESCRIPTOR_USER32 1008e03c     user32:USER32.dll
 0004:00000050       __IMPORT_DESCRIPTOR_DINPUT8 1008e050     dinput8:DINPUT8.dll
 0004:00000064       __NULL_IMPORT_DESCRIPTOR   1008e064     kernel32:KERNEL32.dll
 0004:0000039c       __imp__DirectInput8Create@20 1008e39c     dinput8:DINPUT8.dll
 0004:000003a0       \177DINPUT8_NULL_THUNK_DATA 1008e3a0     dinput8:DINPUT8.dll
 0004:000003cc       __imp__GetModuleHandleA@4  1008e3cc     kernel32:KERNEL32.dll
 0004:000003d0       __imp__GetProcAddress@8    1008e3d0     kernel32:KERNEL32.dll
 0004:000003d4       __imp__VirtualProtectEx@20 1008e3d4     kernel32:KERNEL32.dll
 0004:000003d8       __imp__GetCurrentProcess@0 1008e3d8     kernel32:KERNEL32.dll
 0004:000003dc       __imp__IsBadReadPtr@8      1008e3dc     kernel32:KERNEL32.dll
 0004:000003e0       __imp__CloseHandle@4       1008e3e0     kernel32:KERNEL32.dll
 0004:000003e4       __imp__Module32Next@8      1008e3e4     kernel32:KERNEL32.dll
 0004:000003e8       __imp__Module32First@8     1008e3e8     kernel32:KERNEL32.dll
 0004:000003ec       __imp__Sleep@4             1008e3ec     kernel32:KERNEL32.dll
 0004:000003f0       __imp__GetPrivateProfileIntA@16 1008e3f0     kernel32:KERNEL32.dll
 0004:000003f4       __imp__GetPrivateProfileStringA@24 1008e3f4     kernel32:KERNEL32.dll
 0004:000003f8       __imp__WritePrivateProfileStringA@16 1008e3f8     kernel32:KERNEL32.dll
 0004:000003fc       __imp__GetProcessId@4      1008e3fc     kernel32:KERNEL32.dll
 0004:00000400       __imp__GetTimeFormatA@24   1008e400     kernel32:KERNEL32.dll
 0004:00000404       __imp__CreateThread@24     1008e404     kernel32:KERNEL32.dll
 0004:00000408       __imp__LoadLibraryA@4      1008e408     kernel32:KERNEL32.dll
 0004:0000040c       __imp__CreateToolhelp32Snapshot@8 1008e40c     kernel32:KERNEL32.dll
 0004:00000410       __imp__SetEnvironmentVariableA@8 1008e410     kernel32:KERNEL32.dll
 0004:00000414       __imp__CompareStringW@24   1008e414     kernel32:KERNEL32.dll
 0004:00000418       __imp__CompareStringA@24   1008e418     kernel32:KERNEL32.dll
 0004:0000041c       __imp__SetEndOfFile@4      1008e41c     kernel32:KERNEL32.dll
 0004:00000420       __imp__CreateFileW@28      1008e420     kernel32:KERNEL32.dll
 0004:00000424       __imp__CreateFileA@28      1008e424     kernel32:KERNEL32.dll
 0004:00000428       __imp__GetTimeZoneInformation@4 1008e428     kernel32:KERNEL32.dll
 0004:0000042c       __imp__GetLocaleInfoW@16   1008e42c     kernel32:KERNEL32.dll
 0004:00000430       __imp__SetStdHandle@8      1008e430     kernel32:KERNEL32.dll
 0004:00000434       __imp__WriteConsoleW@20    1008e434     kernel32:KERNEL32.dll
 0004:00000438       __imp__GetConsoleOutputCP@0 1008e438     kernel32:KERNEL32.dll
 0004:0000043c       __imp__WriteConsoleA@20    1008e43c     kernel32:KERNEL32.dll
 0004:00000440       __imp__ReadFile@20         1008e440     kernel32:KERNEL32.dll
 0004:00000444       __imp__SetConsoleCtrlHandler@8 1008e444     kernel32:KERNEL32.dll
 0004:00000448       __imp__IsValidCodePage@4   1008e448     kernel32:KERNEL32.dll
 0004:0000044c       __imp__IsValidLocale@8     1008e44c     kernel32:KERNEL32.dll
 0004:00000450       __imp__EnumSystemLocalesA@8 1008e450     kernel32:KERNEL32.dll
 0004:00000454       __imp__GetUserDefaultLCID@0 1008e454     kernel32:KERNEL32.dll
 0004:00000458       __imp__GetDateFormatA@24   1008e458     kernel32:KERNEL32.dll
 0004:0000045c       __imp__GetStringTypeW@16   1008e45c     kernel32:KERNEL32.dll
 0004:00000460       __imp__GetStringTypeA@20   1008e460     kernel32:KERNEL32.dll
 0004:00000464       __imp__WideCharToMultiByte@32 1008e464     kernel32:KERNEL32.dll
 0004:00000468       __imp__InterlockedIncrement@4 1008e468     kernel32:KERNEL32.dll
 0004:0000046c       __imp__InterlockedDecrement@4 1008e46c     kernel32:KERNEL32.dll
 0004:00000470       __imp__InterlockedCompareExchange@12 1008e470     kernel32:KERNEL32.dll
 0004:00000474       __imp__InterlockedExchange@8 1008e474     kernel32:KERNEL32.dll
 0004:00000478       __imp__MultiByteToWideChar@24 1008e478     kernel32:KERNEL32.dll
 0004:0000047c       __imp__InitializeCriticalSection@4 1008e47c     kernel32:KERNEL32.dll
 0004:00000480       __imp__DeleteCriticalSection@4 1008e480     kernel32:KERNEL32.dll
 0004:00000484       __imp__EnterCriticalSection@4 1008e484     kernel32:KERNEL32.dll
 0004:00000488       __imp__LeaveCriticalSection@4 1008e488     kernel32:KERNEL32.dll
 0004:0000048c       __imp__SetLastError@4      1008e48c     kernel32:KERNEL32.dll
 0004:00000490       __imp__FlushInstructionCache@12 1008e490     kernel32:KERNEL32.dll
 0004:00000494       __imp__FreeLibrary@4       1008e494     kernel32:KERNEL32.dll
 0004:00000498       __imp__VirtualQuery@12     1008e498     kernel32:KERNEL32.dll
 0004:0000049c       __imp__GetLastError@0      1008e49c     kernel32:KERNEL32.dll
 0004:000004a0       __imp__HeapFree@12         1008e4a0     kernel32:KERNEL32.dll
 0004:000004a4       __imp__TerminateProcess@8  1008e4a4     kernel32:KERNEL32.dll
 0004:000004a8       __imp__UnhandledExceptionFilter@4 1008e4a8     kernel32:KERNEL32.dll
 0004:000004ac       __imp__SetUnhandledExceptionFilter@4 1008e4ac     kernel32:KERNEL32.dll
 0004:000004b0       __imp__IsDebuggerPresent@0 1008e4b0     kernel32:KERNEL32.dll
 0004:000004b4       __imp__RaiseException@16   1008e4b4     kernel32:KERNEL32.dll
 0004:000004b8       __imp__RtlUnwind@16        1008e4b8     kernel32:KERNEL32.dll
 0004:000004bc       __imp__GetCurrentThreadId@0 1008e4bc     kernel32:KERNEL32.dll
 0004:000004c0       __imp__GetCommandLineA@0   1008e4c0     kernel32:KERNEL32.dll
 0004:000004c4       __imp__GetVersionExA@4     1008e4c4     kernel32:KERNEL32.dll
 0004:000004c8       __imp__HeapAlloc@12        1008e4c8     kernel32:KERNEL32.dll
 0004:000004cc       __imp__GetProcessHeap@0    1008e4cc     kernel32:KERNEL32.dll
 0004:000004d0       __imp__LCMapStringA@24     1008e4d0     kernel32:KERNEL32.dll
 0004:000004d4       __imp__LCMapStringW@24     1008e4d4     kernel32:KERNEL32.dll
 0004:000004d8       __imp__GetCPInfo@8         1008e4d8     kernel32:KERNEL32.dll
 0004:000004dc       __imp__ExitProcess@4       1008e4dc     kernel32:KERNEL32.dll
 0004:000004e0       __imp__HeapDestroy@4       1008e4e0     kernel32:KERNEL32.dll
 0004:000004e4       __imp__HeapCreate@12       1008e4e4     kernel32:KERNEL32.dll
 0004:000004e8       __imp__VirtualFree@12      1008e4e8     kernel32:KERNEL32.dll
 0004:000004ec       __imp__FatalAppExitA@8     1008e4ec     kernel32:KERNEL32.dll
 0004:000004f0       __imp__VirtualAlloc@16     1008e4f0     kernel32:KERNEL32.dll
 0004:000004f4       __imp__HeapReAlloc@16      1008e4f4     kernel32:KERNEL32.dll
 0004:000004f8       __imp__GetACP@0            1008e4f8     kernel32:KERNEL32.dll
 0004:000004fc       __imp__GetOEMCP@0          1008e4fc     kernel32:KERNEL32.dll
 0004:00000500       __imp__TlsGetValue@4       1008e500     kernel32:KERNEL32.dll
 0004:00000504       __imp__TlsAlloc@0          1008e504     kernel32:KERNEL32.dll
 0004:00000508       __imp__TlsSetValue@8       1008e508     kernel32:KERNEL32.dll
 0004:0000050c       __imp__TlsFree@4           1008e50c     kernel32:KERNEL32.dll
 0004:00000510       __imp__GetCurrentThread@0  1008e510     kernel32:KERNEL32.dll
 0004:00000514       __imp__SetHandleCount@4    1008e514     kernel32:KERNEL32.dll
 0004:00000518       __imp__GetStdHandle@4      1008e518     kernel32:KERNEL32.dll
 0004:0000051c       __imp__GetFileType@4       1008e51c     kernel32:KERNEL32.dll
 0004:00000520       __imp__GetStartupInfoA@4   1008e520     kernel32:KERNEL32.dll
 0004:00000524       __imp__WriteFile@20        1008e524     kernel32:KERNEL32.dll
 0004:00000528       __imp__GetConsoleCP@0      1008e528     kernel32:KERNEL32.dll
 0004:0000052c       __imp__GetConsoleMode@8    1008e52c     kernel32:KERNEL32.dll
 0004:00000530       __imp__FlushFileBuffers@4  1008e530     kernel32:KERNEL32.dll
 0004:00000534       __imp__SetFilePointer@16   1008e534     kernel32:KERNEL32.dll
 0004:00000538       __imp__HeapSize@12         1008e538     kernel32:KERNEL32.dll
 0004:0000053c       __imp__GetModuleFileNameA@12 1008e53c     kernel32:KERNEL32.dll
 0004:00000540       __imp__FreeEnvironmentStringsA@4 1008e540     kernel32:KERNEL32.dll
 0004:00000544       __imp__GetEnvironmentStrings@0 1008e544     kernel32:KERNEL32.dll
 0004:00000548       __imp__FreeEnvironmentStringsW@4 1008e548     kernel32:KERNEL32.dll
 0004:0000054c       __imp__GetEnvironmentStringsW@0 1008e54c     kernel32:KERNEL32.dll
 0004:00000550       __imp__QueryPerformanceCounter@4 1008e550     kernel32:KERNEL32.dll
 0004:00000554       __imp__GetTickCount@0      1008e554     kernel32:KERNEL32.dll
 0004:00000558       __imp__GetCurrentProcessId@0 1008e558     kernel32:KERNEL32.dll
 0004:0000055c       __imp__GetSystemTimeAsFileTime@4 1008e55c     kernel32:KERNEL32.dll
 0004:00000560       __imp__GetLocaleInfoA@16   1008e560     kernel32:KERNEL32.dll
 0004:00000564       __imp__VirtualProtect@16   1008e564     kernel32:KERNEL32.dll
 0004:00000568       \177KERNEL32_NULL_THUNK_DATA 1008e568     kernel32:KERNEL32.dll
 0004:000005e4       __imp__GetCursorPos@4      1008e5e4     user32:USER32.dll
 0004:000005e8       __imp__mouse_event@20      1008e5e8     user32:USER32.dll
 0004:000005ec       __imp__RegisterClassExA@4  1008e5ec     user32:USER32.dll
 0004:000005f0       __imp__GetDesktopWindow@0  1008e5f0     user32:USER32.dll
 0004:000005f4       __imp__CreateWindowExA@48  1008e5f4     user32:USER32.dll
 0004:000005f8       __imp__DestroyWindow@4     1008e5f8     user32:USER32.dll
 0004:000005fc       __imp__DefWindowProcA@16   1008e5fc     user32:USER32.dll
 0004:00000600       __imp__MessageBoxA@16      1008e600     user32:USER32.dll
 0004:00000604       __imp__GetAsyncKeyState@4  1008e604     user32:USER32.dll
 0004:00000608       __imp__SetRect@20          1008e608     user32:USER32.dll
 0004:0000060c       \177USER32_NULL_THUNK_DATA 1008e60c     user32:USER32.dll
 0004:00000640       __imp__Direct3DCreate9@4   1008e640     d3d9:d3d9.dll
 0004:00000644       \177d3d9_NULL_THUNK_DATA   1008e644     d3d9:d3d9.dll
 0004:00000670       __imp__D3DXCreateTextureFromFileInMemory@16 1008e670     d3dx9:d3dx9_43.dll
 0004:00000674       __imp__D3DXAssembleShader@28 1008e674     d3dx9:d3dx9_43.dll
 0004:00000678       __imp__D3DXMatrixRotationYawPitchRoll@16 1008e678     d3dx9:d3dx9_43.dll
 0004:0000067c       __imp__D3DXVec3Normalize@8 1008e67c     d3dx9:d3dx9_43.dll
 0004:00000680       __imp__D3DXCreateFontA@48  1008e680     d3dx9:d3dx9_43.dll
 0004:00000684       __imp__D3DXMatrixTransformation2D@28 1008e684     d3dx9:d3dx9_43.dll
 0004:00000688       __imp__D3DXCreateLine@8    1008e688     d3dx9:d3dx9_43.dll
 0004:0000068c       __imp__D3DXMatrixMultiply@12 1008e68c     d3dx9:d3dx9_43.dll
 0004:00000690       \177d3dx9_43_NULL_THUNK_DATA 1008e690     d3dx9:d3dx9_43.dll

 entry point at        0001:000343f1


 Exports

  ordinal    name

        1    __imp__DirectInput8Create@20
